layer at (0,0) size 800x600
  RenderView at (0,0) size 800x600
layer at (0,0) size 800x46
  RenderBlock {HTML} at (0,0) size 800x46
    RenderBody {BODY} at (8,8) size 784x30 [color=#00000019]
      RenderText {#text} at (0,10) size 8x19
        text run at (0,10) width 8: "a"
      RenderRuby (inline) {RUBY} at (0,0) size 33x19
        RenderRubyRun (anonymous) at (7,10) size 9x20
          RenderRubyText {RT} at (0,-10) size 8x11
            RenderText {#text} at (2,0) size 4x10
              text run at (2,0) width 4: "1"
          RenderRubyBase (anonymous) at (0,0) size 8x20
            RenderText {#text} at (0,0) size 8x19
              text run at (0,0) width 8: "1"
        RenderRubyRun (anonymous) at (15,10) size 9x20
          RenderRubyText {RT} at (0,-10) size 8x11
            RenderText {#text} at (2,0) size 4x10
              text run at (2,0) width 4: "2"
          RenderRubyBase (anonymous) at (0,0) size 8x20
            RenderText {#text} at (0,0) size 8x19
              text run at (0,0) width 8: "2"
        RenderRubyRun (anonymous) at (23,10) size 9x20
          RenderRubyText {RT} at (0,-10) size 8x11
            RenderText {#text} at (2,0) size 4x10
              text run at (2,0) width 4: "3"
          RenderRubyBase (anonymous) at (0,0) size 8x20
            RenderText {#text} at (0,0) size 8x19
              text run at (0,0) width 8: "3"
        RenderRubyRun (anonymous) at (31,10) size 9x20
          RenderRubyText {RT} at (0,-10) size 8x11
            RenderText {#text} at (2,0) size 4x10
              text run at (2,0) width 4: "4"
          RenderRubyBase (anonymous) at (0,0) size 8x20
            RenderText {#text} at (0,0) size 8x19
              text run at (0,0) width 8: "4"
      RenderText {#text} at (39,10) size 9x19
        text run at (39,10) width 9: "b"
      RenderText {#text} at (0,0) size 0x0
selection start: position 1 of child 2 {#text} of body
selection end:   position 1 of child 4 {#text} of body
