layer at (0,0) size 800x600
  RenderView at (0,0) size 800x600
layer at (0,0) size 800x600
  RenderBlock {HTML} at (0,0) size 800x600
    RenderBody {BODY} at (8,8) size 784x584
      RenderTable {DIV} at (0,0) size 21x16 [color=#0000FF]
        RenderTableSection (anonymous) at (0,0) size 21x16
          RenderTableRow (anonymous) at (0,0) size 21x16
            RenderTableCell (anonymous) at (0,0) size 21x16 [r=0 c=0 rs=1 cs=1]
              RenderInline (generated) at (0,0) size 9x20 [color=#FF0000]
                RenderCounter at (0,-2) size 9x20
                  text run at (0,-2) width 9: "0"
              RenderTable {Q} at (8,0) size 13x16
                RenderTableSection (anonymous) at (0,0) size 12x16
                  RenderTableRow (anonymous) at (0,0) size 12x16
                    RenderTableCell (anonymous) at (0,0) size 12x16 [r=0 c=0 rs=1 cs=1]
                      RenderInline (generated) at (0,0) size 6x20
                        RenderQuote at (0,0) size 6x20
                          RenderText at (0,-2) size 6x20
                            text run at (0,-2) width 6: "\""
                      RenderInline (generated) at (0,0) size 7x20
                        RenderQuote at (0,0) size 7x20
                          RenderText at (5,-2) size 7x20
                            text run at (5,-2) width 7: "\""
      RenderText {#text} at (0,0) size 0x0
      RenderText {#text} at (0,0) size 0x0
