layer at (0,0) size 800x600
  RenderView at (0,0) size 800x600
layer at (0,0) size 800x164
  RenderBlock {HTML} at (0,0) size 800x164
    RenderBody {BODY} at (8,8) size 784x136
      RenderBlock (anonymous) at (0,0) size 784x20
        RenderInline {DIV} at (0,0) size 246x20 [color=#FFFFFF] [bgcolor=#FF0000]
          RenderText {#text} at (16,-1) size 246x20
            text run at (16,-1) width 246: "Ahem_font_required_for_this_test."
        RenderText {#text} at (0,0) size 0x0
      RenderBlock {P} at (0,36) size 784x20
        RenderText {#text} at (0,0) size 495x19
          text run at (0,0) width 495: "There should be no red below, only two identical striped green and lime bars."
      RenderBlock {DIV} at (20,76) size 744x20
        RenderInline {SPAN} at (0,0) size 112x23 [color=#800000] [bgcolor=#FF0000]
          RenderText {#text} at (0,0) size 0x0
          RenderInline {SPAN} at (0,0) size 20x23 [color=#008000] [bgcolor=#00FF00]
            RenderText {#text} at (0,-2) size 20x23
              text run at (0,-2) width 20: "X "
          RenderText {#text} at (0,0) size 0x0
          RenderInline {SPAN} at (0,0) size 0x0
            RenderText {#text} at (0,0) size 0x0
          RenderText {#text} at (0,0) size 0x0
          RenderInline {SPAN} at (0,0) size 20x23 [color=#008000] [bgcolor=#00FF00]
            RenderText {#text} at (19,-2) size 20x23
              text run at (19,-2) width 20: "X "
          RenderText {#text} at (0,0) size 0x0
          RenderInline {SPAN} at (0,0) size 21x23 [color=#008000] [bgcolor=#00FF00]
            RenderText {#text} at (38,-2) size 21x23
              text run at (38,-2) width 21: "X "
          RenderText {#text} at (0,0) size 0x0
          RenderInline {SPAN} at (0,0) size 20x23 [color=#008000] [bgcolor=#00FF00]
            RenderText {#text} at (58,-2) size 20x23
              text run at (58,-2) width 20: "X "
          RenderText {#text} at (0,0) size 0x0
          RenderInline {SPAN} at (0,0) size 16x23 [color=#008000] [bgcolor=#00FF00]
            RenderText {#text} at (77,-2) size 16x23
              text run at (77,-2) width 16: "X"
          RenderInline {SPAN} at (0,0) size 20x23 [color=#008000] [bgcolor=#00FF00]
            RenderText {#text} at (92,-2) size 20x23
              text run at (92,-2) width 20: " X"
            RenderInline {SPAN} at (0,0) size 1x23 [color=#800000] [bgcolor=#FF0000]
              RenderText {#text} at (0,0) size 0x0
          RenderText {#text} at (0,0) size 0x0
      RenderBlock {DIV} at (20,116) size 744x20
        RenderInline {SPAN} at (0,0) size 112x23 [color=#008000] [bgcolor=#00FF00]
          RenderText {#text} at (0,-2) size 112x23
            text run at (0,-2) width 112: "X X X X X X"
