layer at (0,0) size 800x600
  RenderView at (0,0) size 800x600
layer at (0,0) size 800x144
  RenderBlock {HTML} at (0,0) size 800x144
    RenderBody {BODY} at (8,8) size 784x116
      RenderBlock (anonymous) at (0,0) size 784x20
        RenderInline {DIV} at (0,0) size 246x20 [color=#FFFFFF] [bgcolor=#FF0000]
          RenderText {#text} at (16,-1) size 246x20
            text run at (16,-1) width 246: "Ahem_font_required_for_this_test."
        RenderText {#text} at (0,0) size 0x0
      RenderBlock {P} at (0,36) size 784x20
        RenderText {#text} at (0,0) size 288x19
          text run at (0,0) width 288: "There should be a green block below, no red."
      RenderBlock {DIV} at (20,76) size 80x40 [color=#008000] [bgcolor=#FF0000]
        RenderText {#text} at (0,-2) size 40x43
          text run at (0,-2) width 40: "xxxx"
          text run at (0,18) width 40: "xxxx"
