layer at (0,0) size 800x600
  RenderView at (0,0) size 800x600
layer at (0,0) size 800x200
  RenderBlock {HTML} at (0,0) size 800x200
    RenderBody {BODY} at (8,8) size 784x184
      RenderBlock (anonymous) at (0,0) size 784x20
        RenderInline {DIV} at (0,0) size 246x20 [color=#FFFFFF] [bgcolor=#FF0000]
          RenderText {#text} at (0,-1) size 246x20
            text run at (0,-1) width 246: "Ahem_font_required_for_this_test."
        RenderText {#text} at (0,0) size 0x0
      RenderBlock {P} at (0,36) size 784x20
        RenderText {#text} at (0,0) size 599x19
          text run at (0,0) width 599: "There should be a pretty green and lime pattern and the word \"PASS\" in lime on white below."
      RenderBlock {DIV} at (0,72) size 304x112 [color=#00FF00] [bgcolor=#008000]
        RenderText {#text} at (0,-2) size 152x35
          text run at (0,-2) width 0: " "
          text run at (0,14) width 152: "1234567890123456789"
        RenderInline {SPAN} at (0,0) size 272x35
          RenderText {#text} at (152,14) size 16x19
            text run at (152,14) width 4: " "
            text run at (156,14) width 12: "x "
          RenderInline {SPAN} at (0,0) size 44x19
            RenderText {#text} at (168,14) size 12x19
              text run at (168,14) width 12: "x "
            RenderInline {SPAN} at (0,0) size 0x0
            RenderText {#text} at (180,14) size 8x19
              text run at (180,14) width 8: "x"
            RenderInline {SPAN} at (0,0) size 4x19
              RenderText {#text} at (188,14) size 4x19
                text run at (188,14) width 4: " "
            RenderText {#text} at (192,14) size 20x19
              text run at (192,14) width 20: "x x"
          RenderText {#text} at (212,14) size 16x19
            text run at (212,14) width 16: " x "
          RenderInline {SPAN} at (0,0) size 24x19
            RenderText {#text} at (228,14) size 24x19
              text run at (228,14) width 24: "x x "
          RenderText {#text} at (252,14) size 12x19
            text run at (252,14) width 12: "x "
          RenderInline {SPAN} at (0,0) size 8x19
            RenderText {#text} at (264,14) size 8x19
              text run at (264,14) width 8: "x"
          RenderText {#text} at (0,30) size 32x19
            text run at (0,30) width 32: "1234"
        RenderText {#text} at (32,30) size 212x19
          text run at (32,30) width 212: "567890123456789 xxxx xxxx xx"
        RenderInline {SPAN} at (0,0) size 52x19
          RenderText {#text} at (244,30) size 8x19
            text run at (244,30) width 8: "x"
          RenderInline {SPAN} at (0,0) size 44x19
            RenderText {#text} at (252,30) size 44x19
              text run at (252,30) width 44: "x xxxx"
          RenderText {#text} at (0,0) size 0x0
        RenderText {#text} at (0,46) size 8x19
          text run at (0,46) width 8: "x"
        RenderInline {SPAN} at (0,0) size 28x19
          RenderText {#text} at (8,46) size 4x19
            text run at (8,46) width 4: " "
          RenderInline {SPAN} at (0,0) size 4x19
            RenderText {#text} at (12,46) size 4x19
              text run at (12,46) width 4: " "
          RenderText {#text} at (16,46) size 4x19
            text run at (16,46) width 4: " "
          RenderInline {SPAN} at (0,0) size 4x19
            RenderText {#text} at (20,46) size 4x19
              text run at (20,46) width 4: " "
          RenderText {#text} at (24,46) size 4x19
            text run at (24,46) width 4: " "
          RenderInline {SPAN} at (0,0) size 4x19
            RenderText {#text} at (28,46) size 4x19
              text run at (28,46) width 4: " "
          RenderText {#text} at (32,46) size 4x19
            text run at (32,46) width 4: " "
          RenderInline {SPAN} at (0,0) size 0x0
            RenderText {#text} at (0,0) size 0x0
          RenderText {#text} at (0,0) size 0x0
        RenderText {#text} at (36,46) size 8x19
          text run at (36,46) width 8: "  "
        RenderInline {SPAN} at (0,0) size 4x19
          RenderText {#text} at (44,46) size 4x19
            text run at (44,46) width 4: " "
        RenderInline {SPAN} at (0,0) size 4x19
          RenderText {#text} at (48,46) size 4x19
            text run at (48,46) width 4: " "
        RenderText {#text} at (52,46) size 12x19
          text run at (52,46) width 12: "   "
        RenderInline {SPAN} at (0,0) size 4x19
          RenderText {#text} at (64,46) size 4x19
            text run at (64,46) width 4: " "
        RenderInline {SPAN} at (0,0) size 0x0
          RenderText {#text} at (0,0) size 0x0
        RenderText {#text} at (68,46) size 124x19
          text run at (68,46) width 124: "  x x  x x  x x    x    "
          text run at (192,46) width 0: " "
        RenderInline {SPAN} at (0,0) size 264x19
          RenderText {#text} at (0,62) size 264x19
            text run at (0,62) width 264: "x x x x x x x x x x xxxx xxxx xxxx xxxx "
        RenderText {#text} at (264,62) size 264x35
          text run at (264,62) width 0: " "
          text run at (0,78) width 184: "x                 x x    x  x    x    x"
        RenderInline {SPAN} at (0,0) size 280x19
          RenderText {#text} at (0,94) size 152x19
            text run at (0,94) width 152: "xxxxxxxxxxxxxxxxxxx"
          RenderInline {SPAN} at (0,0) size 128x19
            RenderText {#text} at (152,94) size 128x19
              text run at (152,94) width 128: " x    x  x xxxx xxxx "
        RenderText {#text} at (280,94) size 0x19
          text run at (280,94) width 0: " "
