layer at (0,0) size 800x600
  RenderView at (0,0) size 800x600
layer at (0,0) size 800x274
  RenderBlock {HTML} at (0,0) size 800x274
    RenderBody {BODY} at (8,8) size 784x250
      RenderBlock (anonymous) at (0,0) size 784x20
        RenderText {#text} at (0,0) size 651x19
          text run at (0,0) width 261: "You should see a green rectangle below. "
          text run at (260,0) width 391: "If you see any red other than anti-aliasing, the test has failed."
      RenderBlock {P} at (0,228) size 784x22 [border: (1px solid #000000)]
        RenderText {#text} at (1,1) size 189x19
          text run at (1,1) width 189: "This line should look normal."
layer at (8,28) size 384x192 scrollHeight 210
  RenderBlock {DIV} at (0,20) size 384x192 [bgcolor=#FF0000]
    RenderInline {SPAN} at (0,0) size 160x72 [color=#008000]
      RenderText {#text} at (0,-4) size 160x72
        text run at (0,-4) width 160: "xxxxx"
    RenderInline {SPAN} at (0,0) size 64x143 [bgcolor=#008000]
    RenderBR {BR} at (224,-4) size 0x72
    RenderInline {SPAN} at (0,0) size 0x143 [color=#008000]
      RenderText {#text} at (0,67) size 0x143
        text run at (0,67) width 0: "xxxxx"
    RenderBlock {DIV} at (0,64) size 64x128 [bgcolor=#008000]
    RenderText {#text} at (0,0) size 0x0
