layer at (0,0) size 800x600
  RenderView at (0,0) size 800x600
layer at (0,0) size 800x164
  RenderBlock {HTML} at (0,0) size 800x164
    RenderBody {BODY} at (8,8) size 784x148
      RenderBlock (anonymous) at (0,0) size 784x20
        RenderText {#text} at (0,0) size 499x19
          text run at (0,0) width 261: "You should see a green rectangle below. "
          text run at (260,0) width 239: "If you see any red, the test has failed."
      RenderBlock {DIV} at (0,20) size 384x128 [bgcolor=#FF0000]
        RenderInline {SPAN} at (0,0) size 160x72 [color=#008000]
          RenderText {#text} at (0,-4) size 160x72
            text run at (0,-4) width 160: "xxxxx"
        RenderBlock {DIV} at (160,0) size 64x128 [bgcolor=#008000]
        RenderBR {BR} at (224,-4) size 0x72
        RenderBlock {DIV} at (0,0) size 64x128 [bgcolor=#008000]
        RenderInline {SPAN} at (0,0) size 160x72 [color=#008000]
          RenderText {#text} at (64,60) size 160x72
            text run at (64,60) width 160: "xxxxx"
        RenderText {#text} at (0,0) size 0x0
