layer at (0,0) size 800x600
  RenderView at (0,0) size 800x600
layer at (0,0) size 800x313
  RenderBlock {HTML} at (0,0) size 800x313
    RenderBody {BODY} at (8,8) size 784x297
      RenderBlock (anonymous) at (0,0) size 784x20
        RenderText {#text} at (0,0) size 499x19
          text run at (0,0) width 261: "You should see a green rectangle below. "
          text run at (260,0) width 239: "If you see any red, the test has failed."
      RenderBlock {DIV} at (0,20) size 384x277 [bgcolor=#FF0000]
        RenderInline {SPAN} at (0,0) size 384x143 [bgcolor=#008000]
        RenderBR {BR} at (384,60) size 0x72
        RenderBlock {DIV} at (0,149) size 384x128 [bgcolor=#008000]
