layer at (0,0) size 800x637
  RenderView at (0,0) size 800x600
layer at (0,0) size 800x605
  RenderBlock {HTML} at (0,0) size 800x605
    RenderBody {BODY} at (8,8) size 784x589
      RenderBlock {P} at (0,0) size 784x30
        RenderText {#text} at (0,10) size 431x19
          text run at (0,10) width 431: "The blue borders should coincide with light blue squares, like this: "
        RenderBlock {SPAN} at (430,0) size 26x25 [bgcolor=#ADD8E6] [border: (3px solid #0000FF7F)]
        RenderText {#text} at (455,10) size 200x19
          text run at (455,10) width 9: ". "
          text run at (463,10) width 192: "There should be none of this: "
        RenderBlock {SPAN} at (654,0) size 26x25 [bgcolor=#ADD8E6]
        RenderText {#text} at (679,10) size 54x19
          text run at (679,10) width 5: " "
          text run at (683,10) width 50: "or this: "
        RenderBlock {SPAN} at (732,0) size 26x25 [border: (3px solid #0000FF7F)]
        RenderText {#text} at (757,10) size 5x19
          text run at (757,10) width 5: "."
      RenderBlock (anonymous) at (0,46) size 784x543
        RenderText {#text} at (116,150) size 4x19
          text run at (116,150) width 4: " "
        RenderText {#text} at (236,150) size 4x19
          text run at (236,150) width 4: " "
        RenderText {#text} at (356,150) size 4x19
          text run at (356,150) width 4: " "
        RenderText {#text} at (476,150) size 4x19
          text run at (476,150) width 4: " "
        RenderText {#text} at (596,150) size 4x19
          text run at (596,150) width 4: " "
        RenderText {#text} at (716,150) size 4x19
          text run at (716,150) width 4: " "
        RenderText {#text} at (116,281) size 4x19
          text run at (116,281) width 4: " "
        RenderText {#text} at (246,281) size 4x19
          text run at (246,281) width 4: " "
        RenderText {#text} at (376,281) size 4x19
          text run at (376,281) width 4: " "
        RenderText {#text} at (506,281) size 4x19
          text run at (506,281) width 4: " "
        RenderText {#text} at (636,281) size 4x19
          text run at (636,281) width 4: " "
        RenderText {#text} at (0,0) size 0x0
        RenderText {#text} at (126,402) size 4x19
          text run at (126,402) width 4: " "
        RenderText {#text} at (256,402) size 4x19
          text run at (256,402) width 4: " "
        RenderText {#text} at (386,402) size 4x19
          text run at (386,402) width 4: " "
        RenderText {#text} at (516,402) size 4x19
          text run at (516,402) width 4: " "
        RenderText {#text} at (646,402) size 4x19
          text run at (646,402) width 4: " "
        RenderText {#text} at (0,0) size 0x0
        RenderText {#text} at (126,523) size 4x19
          text run at (126,523) width 4: " "
        RenderText {#text} at (256,523) size 4x19
          text run at (256,523) width 4: " "
        RenderText {#text} at (0,0) size 0x0
layer at (8,67) size 116x106
  RenderBlock {DIV} at (0,13) size 116x106 [color=#ADD8E6] [border: (3px solid #000000)]
    RenderMultiColumnSet at (8,8) size 100x5
    RenderBlock {DIV} at (8,13) size 100x30 [bgcolor=#C0C0C0]
    RenderMultiColumnSet at (8,43) size 100x55
layer at (16,75) size 48x151
  RenderMultiColumnFlowThread at (8,8) size 48x151
    RenderBlock {DIV} at (0,0) size 48x10 [bgcolor=#000080]
    RenderMultiColumnSpannerPlaceholder at (0,10) size 0x0
    RenderBlock (anonymous) at (0,10) size 48x141
      RenderBR {BR} at (0,1) size 0x29
      RenderText {#text} at (0,56) size 32x84
        text run at (0,56) width 32: "x y"
        text run at (0,111) width 12: "z"
layer at (128,67) size 116x106
  RenderBlock {DIV} at (120,13) size 116x106 [color=#ADD8E6] [border: (3px solid #000000)]
    RenderMultiColumnSet at (8,8) size 100x5
    RenderBlock {DIV} at (8,13) size 100x30 [bgcolor=#C0C0C0]
    RenderMultiColumnSet at (8,43) size 100x55
layer at (136,75) size 48x151
  RenderMultiColumnFlowThread at (8,8) size 48x151
    RenderBlock {DIV} at (0,0) size 48x10 [bgcolor=#000080]
    RenderMultiColumnSpannerPlaceholder at (0,10) size 0x0
    RenderBlock (anonymous) at (0,10) size 48x141
      RenderBR {BR} at (0,1) size 0x29
      RenderInline {SPAN} at (0,0) size 32x84
        RenderText {#text} at (0,56) size 32x84
          text run at (0,56) width 32: "x y"
          text run at (0,111) width 12: "z"
      RenderText {#text} at (0,0) size 0x0
layer at (248,67) size 116x106
  RenderBlock {DIV} at (240,13) size 116x106 [color=#ADD8E6] [border: (3px solid #000000)]
    RenderMultiColumnSet at (8,8) size 100x5
    RenderBlock {DIV} at (8,13) size 100x30 [bgcolor=#C0C0C0]
    RenderMultiColumnSet at (8,43) size 100x55
layer at (256,75) size 48x151
  RenderMultiColumnFlowThread at (8,8) size 48x151
    RenderBlock {DIV} at (0,0) size 48x10 [bgcolor=#000080]
    RenderMultiColumnSpannerPlaceholder at (0,10) size 0x0
    RenderBlock (anonymous) at (0,10) size 48x31
      RenderBR {BR} at (0,1) size 0x29
    RenderBlock {DIV} at (0,65) size 48x86
      RenderText {#text} at (0,1) size 32x84
        text run at (0,1) width 32: "x y"
        text run at (0,56) width 12: "z"
layer at (368,67) size 116x106
  RenderBlock {DIV} at (360,13) size 116x106 [color=#ADD8E6] [border: (3px solid #000000)]
    RenderMultiColumnSet at (8,8) size 100x5
    RenderBlock {DIV} at (8,13) size 100x30 [bgcolor=#C0C0C0]
    RenderMultiColumnSet at (8,43) size 100x55
layer at (376,75) size 48x151
  RenderMultiColumnFlowThread at (8,8) size 48x151
    RenderBlock {DIV} at (0,0) size 48x10 [bgcolor=#000080]
    RenderMultiColumnSpannerPlaceholder at (0,10) size 0x0
    RenderBlock (anonymous) at (0,10) size 48x31
      RenderBR {BR} at (0,1) size 0x29
    RenderBlock {DIV} at (0,65) size 48x86
      RenderBR {BR} at (0,1) size 0x29
      RenderText {#text} at (0,56) size 30x29
        text run at (0,56) width 30: "y z"
layer at (488,64) size 116x106
  RenderBlock {DIV} at (480,10) size 116x106 [color=#ADD8E6] [border: (3px solid #000000)]
    RenderMultiColumnSet at (8,8) size 100x5
    RenderBlock {DIV} at (8,13) size 100x30 [bgcolor=#C0C0C0]
    RenderMultiColumnSet at (8,43) size 100x55
layer at (496,72) size 48x149
  RenderMultiColumnFlowThread at (8,8) size 48x149
    RenderBlock {DIV} at (0,0) size 48x10 [bgcolor=#000080]
    RenderMultiColumnSpannerPlaceholder at (0,10) size 0x0
    RenderBlock (anonymous) at (0,10) size 48x31
      RenderBR {BR} at (0,1) size 0x29
    RenderBlock {DIV} at (0,65) size 48x84
      RenderBR {BR} at (0,1) size 0x29
      RenderSlider {INPUT} at (2,57) size 25x25 [color=#909090] [bgcolor=#ADD8E6]
        RenderFlexibleBox {DIV} at (0,0) size 25x25
          RenderBlock {DIV} at (0,11) size 25x3
            RenderBlock {DIV} at (0,0) size 25x2 [bgcolor=#FFFFFF] [border: (1px solid #424242)]
layer at (608,66) size 116x106
  RenderBlock {DIV} at (600,12) size 116x106 [color=#ADD8E6] [border: (3px solid #000000)]
    RenderMultiColumnSet at (8,8) size 100x5
    RenderBlock {DIV} at (8,13) size 100x30 [bgcolor=#C0C0C0]
    RenderMultiColumnSet at (8,43) size 100x55
layer at (616,74) size 48x145
  RenderMultiColumnFlowThread at (8,8) size 48x145
    RenderBlock {DIV} at (0,0) size 48x10 [bgcolor=#000080]
    RenderMultiColumnSpannerPlaceholder at (0,10) size 0x0
    RenderBlock (anonymous) at (0,10) size 48x31
      RenderBR {BR} at (0,1) size 0x29
    RenderBlock {DIV} at (0,65) size 48x80
      RenderBR {BR} at (0,1) size 0x29
      RenderImage {IMG} at (0,55) size 25x25 [bgcolor=#ADD8E6]
layer at (8,234) size 116x106
  RenderBlock {DIV} at (0,180) size 116x106 [color=#ADD8E6] [border: (3px solid #000000)]
    RenderMultiColumnSet at (8,8) size 100x5
    RenderBlock {DIV} at (8,13) size 100x30 [bgcolor=#C0C0C0]
    RenderMultiColumnSet at (8,43) size 100x55
layer at (16,242) size 48x75
  RenderMultiColumnFlowThread at (8,8) size 48x75
    RenderBlock {DIV} at (0,0) size 48x10 [bgcolor=#000080]
    RenderMultiColumnSpannerPlaceholder at (0,10) size 0x0
    RenderBlock {DIV} at (0,50) size 25x25 [bgcolor=#ADD8E6]
layer at (138,234) size 106x116
  RenderBlock {DIV} at (130,180) size 106x116 [color=#ADD8E6] [border: (3px solid #000000)]
    RenderMultiColumnSet at (8,8) size 5x100
    RenderBlock {DIV} at (13,8) size 30x100 [bgcolor=#C0C0C0]
    RenderMultiColumnSet at (43,8) size 55x100
layer at (146,242) size 151x48
  RenderMultiColumnFlowThread at (8,8) size 151x48
    RenderBlock {DIV} at (0,0) size 10x48 [bgcolor=#000080]
    RenderMultiColumnSpannerPlaceholder at (10,0) size 0x0
    RenderBlock (anonymous) at (10,0) size 141x48
      RenderBR {BR} at (1,0) size 29x0
      RenderText {#text} at (56,0) size 84x32
        text run at (56,0) width 32: "x y"
        text run at (111,0) width 12: "z"
layer at (268,234) size 106x116
  RenderBlock {DIV} at (260,180) size 106x116 [color=#ADD8E6] [border: (3px solid #000000)]
    RenderMultiColumnSet at (8,8) size 5x100
    RenderBlock {DIV} at (13,8) size 30x100 [bgcolor=#C0C0C0]
    RenderMultiColumnSet at (43,8) size 55x100
layer at (276,242) size 151x48
  RenderMultiColumnFlowThread at (8,8) size 151x48
    RenderBlock {DIV} at (0,0) size 10x48 [bgcolor=#000080]
    RenderMultiColumnSpannerPlaceholder at (10,0) size 0x0
    RenderBlock (anonymous) at (10,0) size 141x48
      RenderBR {BR} at (1,0) size 29x0
      RenderInline {SPAN} at (0,0) size 84x32
        RenderText {#text} at (56,0) size 84x32
          text run at (56,0) width 32: "x y"
          text run at (111,0) width 12: "z"
      RenderText {#text} at (0,0) size 0x0
layer at (398,234) size 106x116
  RenderBlock {DIV} at (390,180) size 106x116 [color=#ADD8E6] [border: (3px solid #000000)]
    RenderMultiColumnSet at (8,8) size 5x100
    RenderBlock {DIV} at (13,8) size 30x100 [bgcolor=#C0C0C0]
    RenderMultiColumnSet at (43,8) size 55x100
layer at (406,242) size 151x48
  RenderMultiColumnFlowThread at (8,8) size 151x48
    RenderBlock {DIV} at (0,0) size 10x48 [bgcolor=#000080]
    RenderMultiColumnSpannerPlaceholder at (10,0) size 0x0
    RenderBlock (anonymous) at (10,0) size 31x48
      RenderBR {BR} at (1,0) size 29x0
    RenderBlock {DIV} at (65,0) size 86x48
      RenderText {#text} at (1,0) size 84x32
        text run at (1,0) width 32: "x y"
        text run at (56,0) width 12: "z"
layer at (528,234) size 106x116
  RenderBlock {DIV} at (520,180) size 106x116 [color=#ADD8E6] [border: (3px solid #000000)]
    RenderMultiColumnSet at (8,8) size 5x100
    RenderBlock {DIV} at (13,8) size 30x100 [bgcolor=#C0C0C0]
    RenderMultiColumnSet at (43,8) size 55x100
layer at (536,242) size 151x48
  RenderMultiColumnFlowThread at (8,8) size 151x48
    RenderBlock {DIV} at (0,0) size 10x48 [bgcolor=#000080]
    RenderMultiColumnSpannerPlaceholder at (10,0) size 0x0
    RenderBlock (anonymous) at (10,0) size 31x48
      RenderBR {BR} at (1,0) size 29x0
    RenderBlock {DIV} at (65,0) size 86x48
      RenderBR {BR} at (1,0) size 29x0
      RenderText {#text} at (56,0) size 29x30
        text run at (56,0) width 30: "y z"
layer at (658,234) size 106x116
  RenderBlock {DIV} at (650,180) size 106x116 [color=#ADD8E6] [border: (3px solid #000000)]
    RenderMultiColumnSet at (8,8) size 5x100
    RenderBlock {DIV} at (13,8) size 30x100 [bgcolor=#C0C0C0]
    RenderMultiColumnSet at (43,8) size 55x100
layer at (666,242) size 149x48 backgroundClip at (0,0) size 800x637 clip at (0,0) size 800x637 outlineClip at (0,0) size 800x637
  RenderMultiColumnFlowThread at (8,8) size 149x48
    RenderBlock {DIV} at (0,0) size 10x48 [bgcolor=#000080]
    RenderMultiColumnSpannerPlaceholder at (10,0) size 0x0
    RenderBlock (anonymous) at (10,0) size 31x48
      RenderBR {BR} at (1,0) size 29x0
    RenderBlock {DIV} at (65,0) size 84x48
      RenderBR {BR} at (1,0) size 29x0
      RenderSlider {INPUT} at (57,2) size 25x25 [color=#909090] [bgcolor=#ADD8E6]
        RenderFlexibleBox {DIV} at (0,0) size 25x25
          RenderBlock {DIV} at (0,11) size 25x3
            RenderBlock {DIV} at (0,0) size 25x2 [bgcolor=#FFFFFF] [border: (1px solid #424242)]
layer at (18,355) size 106x116
  RenderBlock {DIV} at (10,301) size 106x116 [color=#ADD8E6] [border: (3px solid #000000)]
    RenderMultiColumnSet at (8,8) size 5x100
    RenderBlock {DIV} at (13,8) size 30x100 [bgcolor=#C0C0C0]
    RenderMultiColumnSet at (43,8) size 55x100
layer at (26,363) size 145x48
  RenderMultiColumnFlowThread at (8,8) size 145x48
    RenderBlock {DIV} at (0,0) size 10x48 [bgcolor=#000080]
    RenderMultiColumnSpannerPlaceholder at (10,0) size 0x0
    RenderBlock (anonymous) at (10,0) size 31x48
      RenderBR {BR} at (1,0) size 29x0
    RenderBlock {DIV} at (65,0) size 80x48
      RenderBR {BR} at (1,0) size 29x0
      RenderImage {IMG} at (55,0) size 25x25 [bgcolor=#ADD8E6]
layer at (148,355) size 106x116
  RenderBlock {DIV} at (140,301) size 106x116 [color=#ADD8E6] [border: (3px solid #000000)]
    RenderMultiColumnSet at (8,8) size 5x100
    RenderBlock {DIV} at (13,8) size 30x100 [bgcolor=#C0C0C0]
    RenderMultiColumnSet at (43,8) size 55x100
layer at (156,363) size 75x48
  RenderMultiColumnFlowThread at (8,8) size 75x48
    RenderBlock {DIV} at (0,0) size 10x48 [bgcolor=#000080]
    RenderMultiColumnSpannerPlaceholder at (10,0) size 0x0
    RenderBlock {DIV} at (50,0) size 25x25 [bgcolor=#ADD8E6]
layer at (278,355) size 106x116
  RenderBlock {DIV} at (270,301) size 106x116 [color=#ADD8E6] [border: (3px solid #000000)]
    RenderMultiColumnSet at (8,8) size 5x100
    RenderBlock {DIV} at (13,8) size 30x100 [bgcolor=#C0C0C0]
    RenderMultiColumnSet at (43,8) size 55x100
layer at (225,363) size 151x48
  RenderMultiColumnFlowThread at (8,8) size 151x48
    RenderBlock {DIV} at (0,0) size 10x48 [bgcolor=#000080]
    RenderMultiColumnSpannerPlaceholder at (10,0) size 0x0
    RenderBlock (anonymous) at (10,0) size 141x48
      RenderBR {BR} at (1,0) size 29x0
      RenderText {#text} at (56,0) size 84x32
        text run at (56,0) width 32: "x y"
        text run at (111,0) width 12: "z"
layer at (408,355) size 106x116
  RenderBlock {DIV} at (400,301) size 106x116 [color=#ADD8E6] [border: (3px solid #000000)]
    RenderMultiColumnSet at (8,8) size 5x100
    RenderBlock {DIV} at (13,8) size 30x100 [bgcolor=#C0C0C0]
    RenderMultiColumnSet at (43,8) size 55x100
layer at (355,363) size 151x48
  RenderMultiColumnFlowThread at (8,8) size 151x48
    RenderBlock {DIV} at (0,0) size 10x48 [bgcolor=#000080]
    RenderMultiColumnSpannerPlaceholder at (10,0) size 0x0
    RenderBlock (anonymous) at (10,0) size 141x48
      RenderBR {BR} at (1,0) size 29x0
      RenderInline {SPAN} at (0,0) size 84x32
        RenderText {#text} at (56,0) size 84x32
          text run at (56,0) width 32: "x y"
          text run at (111,0) width 12: "z"
      RenderText {#text} at (0,0) size 0x0
layer at (538,355) size 106x116
  RenderBlock {DIV} at (530,301) size 106x116 [color=#ADD8E6] [border: (3px solid #000000)]
    RenderMultiColumnSet at (8,8) size 5x100
    RenderBlock {DIV} at (13,8) size 30x100 [bgcolor=#C0C0C0]
    RenderMultiColumnSet at (43,8) size 55x100
layer at (485,363) size 151x48
  RenderMultiColumnFlowThread at (8,8) size 151x48
    RenderBlock {DIV} at (0,0) size 10x48 [bgcolor=#000080]
    RenderMultiColumnSpannerPlaceholder at (10,0) size 0x0
    RenderBlock (anonymous) at (10,0) size 31x48
      RenderBR {BR} at (1,0) size 29x0
    RenderBlock {DIV} at (65,0) size 86x48
      RenderText {#text} at (1,0) size 84x32
        text run at (1,0) width 32: "x y"
        text run at (56,0) width 12: "z"
layer at (668,355) size 106x116
  RenderBlock {DIV} at (660,301) size 106x116 [color=#ADD8E6] [border: (3px solid #000000)]
    RenderMultiColumnSet at (8,8) size 5x100
    RenderBlock {DIV} at (13,8) size 30x100 [bgcolor=#C0C0C0]
    RenderMultiColumnSet at (43,8) size 55x100
layer at (615,363) size 151x48
  RenderMultiColumnFlowThread at (8,8) size 151x48
    RenderBlock {DIV} at (0,0) size 10x48 [bgcolor=#000080]
    RenderMultiColumnSpannerPlaceholder at (10,0) size 0x0
    RenderBlock (anonymous) at (10,0) size 31x48
      RenderBR {BR} at (1,0) size 29x0
    RenderBlock {DIV} at (65,0) size 86x48
      RenderBR {BR} at (1,0) size 29x0
      RenderText {#text} at (56,0) size 29x30
        text run at (56,0) width 30: "y z"
layer at (18,476) size 106x116
  RenderBlock {DIV} at (10,422) size 106x116 [color=#ADD8E6] [border: (3px solid #000000)]
    RenderMultiColumnSet at (8,8) size 5x100
    RenderBlock {DIV} at (13,8) size 30x100 [bgcolor=#C0C0C0]
    RenderMultiColumnSet at (43,8) size 55x100
layer at (-33,484) size 149x48 backgroundClip at (0,0) size 800x637 clip at (0,0) size 800x637 outlineClip at (0,0) size 800x637
  RenderMultiColumnFlowThread at (8,8) size 149x48
    RenderBlock {DIV} at (0,0) size 10x48 [bgcolor=#000080]
    RenderMultiColumnSpannerPlaceholder at (10,0) size 0x0
    RenderBlock (anonymous) at (10,0) size 31x48
      RenderBR {BR} at (1,0) size 29x0
    RenderBlock {DIV} at (65,0) size 84x48
      RenderBR {BR} at (1,0) size 29x0
      RenderSlider {INPUT} at (57,2) size 25x25 [color=#909090] [bgcolor=#ADD8E6]
        RenderFlexibleBox {DIV} at (0,0) size 25x25
          RenderBlock {DIV} at (0,11) size 25x3
            RenderBlock {DIV} at (0,0) size 25x2 [bgcolor=#FFFFFF] [border: (1px solid #424242)]
layer at (148,476) size 106x116
  RenderBlock {DIV} at (140,422) size 106x116 [color=#ADD8E6] [border: (3px solid #000000)]
    RenderMultiColumnSet at (8,8) size 5x100
    RenderBlock {DIV} at (13,8) size 30x100 [bgcolor=#C0C0C0]
    RenderMultiColumnSet at (43,8) size 55x100
layer at (101,484) size 145x48
  RenderMultiColumnFlowThread at (8,8) size 145x48
    RenderBlock {DIV} at (0,0) size 10x48 [bgcolor=#000080]
    RenderMultiColumnSpannerPlaceholder at (10,0) size 0x0
    RenderBlock (anonymous) at (10,0) size 31x48
      RenderBR {BR} at (1,0) size 29x0
    RenderBlock {DIV} at (65,0) size 80x48
      RenderBR {BR} at (1,0) size 29x0
      RenderImage {IMG} at (55,0) size 25x25 [bgcolor=#ADD8E6]
layer at (278,476) size 106x116
  RenderBlock {DIV} at (270,422) size 106x116 [color=#ADD8E6] [border: (3px solid #000000)]
    RenderMultiColumnSet at (8,8) size 5x100
    RenderBlock {DIV} at (13,8) size 30x100 [bgcolor=#C0C0C0]
    RenderMultiColumnSet at (43,8) size 55x100
layer at (301,484) size 75x48
  RenderMultiColumnFlowThread at (8,8) size 75x48
    RenderBlock {DIV} at (0,0) size 10x48 [bgcolor=#000080]
    RenderMultiColumnSpannerPlaceholder at (10,0) size 0x0
    RenderBlock {DIV} at (50,0) size 25x25 [bgcolor=#ADD8E6]
layer at (68,111) size 32x29
  RenderBlock (positioned) {DIV} at (68,111) size 32x29 [border: (3px solid #0000FF7F)]
layer at (121,111) size 12x29
  RenderBlock (positioned) {DIV} at (121,111) size 12x29 [border: (3px solid #0000FF7F)]
layer at (188,111) size 32x29
  RenderBlock (positioned) {DIV} at (188,111) size 32x29 [border: (3px solid #0000FF7F)]
layer at (241,111) size 12x29
  RenderBlock (positioned) {DIV} at (241,111) size 12x29 [border: (3px solid #0000FF7F)]
layer at (308,111) size 32x29
  RenderBlock (positioned) {DIV} at (308,111) size 32x29 [border: (3px solid #0000FF7F)]
layer at (361,111) size 12x29
  RenderBlock (positioned) {DIV} at (361,111) size 12x29 [border: (3px solid #0000FF7F)]
layer at (481,111) size 30x29
  RenderBlock (positioned) {DIV} at (481,111) size 30x29 [border: (3px solid #0000FF7F)]
layer at (603,109) size 25x25
  RenderBlock (positioned) {DIV} at (603,109) size 25x25 [border: (3px solid #0000FF7F)]
layer at (721,109) size 25x25
  RenderBlock (positioned) {DIV} at (721,109) size 25x25 [border: (3px solid #0000FF7F)]
layer at (16,317) size 25x25
  RenderBlock (positioned) {DIV} at (16,317) size 25x25 [border: (3px solid #0000FF7F)]
layer at (182,294) size 29x32
  RenderBlock (positioned) {DIV} at (182,294) size 29x32 [border: (3px solid #0000FF7F)]
layer at (182,347) size 29x12
  RenderBlock (positioned) {DIV} at (182,347) size 29x12 [border: (3px solid #0000FF7F)]
layer at (312,294) size 29x32
  RenderBlock (positioned) {DIV} at (312,294) size 29x32 [border: (3px solid #0000FF7F)]
layer at (312,347) size 29x12
  RenderBlock (positioned) {DIV} at (312,347) size 29x12 [border: (3px solid #0000FF7F)]
layer at (442,294) size 29x32
  RenderBlock (positioned) {DIV} at (442,294) size 29x32 [border: (3px solid #0000FF7F)]
layer at (442,347) size 29x12
  RenderBlock (positioned) {DIV} at (442,347) size 29x12 [border: (3px solid #0000FF7F)]
layer at (572,347) size 29x30
  RenderBlock (positioned) {DIV} at (572,347) size 29x30 [border: (3px solid #0000FF7F)]
layer at (703,349) size 25x25
  RenderBlock (positioned) {DIV} at (703,349) size 25x25 [border: (3px solid #0000FF7F)]
layer at (61,468) size 25x25
  RenderBlock (positioned) {DIV} at (61,468) size 25x25 [border: (3px solid #0000FF7F)]
layer at (231,363) size 25x25
  RenderBlock (positioned) {DIV} at (231,363) size 25x25 [border: (3px solid #0000FF7F)]
layer at (311,415) size 29x32
  RenderBlock (positioned) {DIV} at (311,415) size 29x32 [border: (3px solid #0000FF7F)]
layer at (311,468) size 29x12
  RenderBlock (positioned) {DIV} at (311,468) size 29x12 [border: (3px solid #0000FF7F)]
layer at (441,415) size 29x32
  RenderBlock (positioned) {DIV} at (441,415) size 29x32 [border: (3px solid #0000FF7F)]
layer at (441,468) size 29x12
  RenderBlock (positioned) {DIV} at (441,468) size 29x12 [border: (3px solid #0000FF7F)]
layer at (571,415) size 29x32
  RenderBlock (positioned) {DIV} at (571,415) size 29x32 [border: (3px solid #0000FF7F)]
layer at (571,468) size 29x12
  RenderBlock (positioned) {DIV} at (571,468) size 29x12 [border: (3px solid #0000FF7F)]
layer at (701,468) size 29x30
  RenderBlock (positioned) {DIV} at (701,468) size 29x30 [border: (3px solid #0000FF7F)]
layer at (54,591) size 25x25
  RenderBlock (positioned) {DIV} at (54,591) size 25x25 [border: (3px solid #0000FF7F)]
layer at (186,589) size 25x25
  RenderBlock (positioned) {DIV} at (186,589) size 25x25 [border: (3px solid #0000FF7F)]
layer at (276,484) size 25x25
  RenderBlock (positioned) {DIV} at (276,484) size 25x25 [border: (3px solid #0000FF7F)]
