layer at (0,0) size 800x600
  RenderView at (0,0) size 800x600
layer at (0,0) size 800x136
  RenderBlock {HTML} at (0,0) size 800x136
    RenderBody {BODY} at (8,8) size 784x120
      RenderBlock (anonymous) at (0,0) size 784x20
        RenderInline {DIV} at (0,0) size 246x20 [color=#FFFFFF] [bgcolor=#FF0000]
          RenderText {#text} at (0,-1) size 246x20
            text run at (0,-1) width 246: "Ahem_font_required_for_this_test."
        RenderText {#text} at (0,0) size 0x0
      RenderBlock {DIV} at (0,20) size 300x100 [bgcolor=#FF0000]
        RenderBlock {DIV} at (0,0) size 600x200 [color=#008000]
          RenderText {#text} at (0,-6) size 217x112
            text run at (0,-6) width 217: "XXX"
