layer at (0,0) size 800x600
  RenderView at (0,0) size 800x600
layer at (0,0) size 800x600
  RenderBlock {HTML} at (0,0) size 800x600
    RenderBody {BODY} at (8,8) size 784x584
      RenderBlock {P} at (0,0) size 784x20
        RenderText {#text} at (0,0) size 280x19
          text run at (0,0) width 280: "Each box should contain two identical lines"
      RenderBlock {DIV} at (0,36) size 784x90 [border: (1px solid #000000)]
        RenderBlock {P} at (9,17) size 766x20
          RenderText {#text} at (0,0) size 282x19
            text run at (0,0) width 282: "ABCDEFGHIJKLMNOPQRSTUVWXYZ"
        RenderBlock {P} at (9,53) size 766x20
          RenderInline {SPAN} at (0,0) size 12x19
            RenderText {#text} at (0,0) size 12x19
              text run at (0,0) width 12: "A"
          RenderText {#text} at (11,0) size 267x19
            text run at (11,0) width 267: "BCDEFGHIJKLMNOPQRSTUVWXYZ"
      RenderBlock {DIV} at (0,134) size 784x90 [border: (1px solid #000000)]
        RenderBlock {P} at (9,17) size 766x20
          RenderText {#text} at (0,0) size 361x19
            text run at (0,0) width 361: "ABCDEFGHIJKLMNOPQRSTUVWXYZ"
        RenderBlock {P} at (9,53) size 766x20
          RenderInline {SPAN} at (0,0) size 157x19
            RenderText {#text} at (0,0) size 157x19
              text run at (0,0) width 157: "ABCDEFGHIJKLMNO"
          RenderText {#text} at (156,0) size 122x19
            text run at (156,0) width 122: "PQRSTUVWXYZ"
      RenderBlock {DIV} at (0,232) size 784x90 [border: (1px solid #000000)]
        RenderBlock {P} at (9,17) size 766x20
          RenderText {#text} at (0,0) size 293x19
            text run at (0,0) width 293: "ABCDEFGHIJKLMNOPQRSTUVWXYZ"
        RenderBlock {P} at (9,53) size 766x20
          RenderText {#text} at (0,0) size 12x19
            text run at (0,0) width 12: "A"
          RenderInline {SPAN} at (0,0) size 34x19
            RenderText {#text} at (11,0) size 34x19
              text run at (11,0) width 34: "BCD"
          RenderText {#text} at (44,0) size 234x19
            text run at (44,0) width 234: "EFGHIJKLMNOPQRSTUVWXYZ"
      RenderBlock {DIV} at (0,330) size 784x90 [border: (1px solid #000000)]
        RenderBlock {P} at (9,17) size 766x20
          RenderText {#text} at (0,0) size 308x19
            text run at (0,0) width 308: "ABCDEFGHIJKLMNOPQRSTUVWXYZ"
        RenderBlock {P} at (9,53) size 766x20
          RenderText {#text} at (0,0) size 145x19
            text run at (0,0) width 145: "ABCDEFGHIJKLMN"
          RenderInline {SPAN} at (0,0) size 30x17
            RenderText {#text} at (144,2) size 30x17
              text run at (144,2) width 30: "OPQ"
          RenderInline {SPAN} at (0,0) size 80x19
            RenderText {#text} at (173,0) size 80x19
              text run at (173,0) width 80: "RSTUVWX"
          RenderText {#text} at (252,0) size 23x19
            text run at (252,0) width 23: "YZ"
      RenderBlock {DIV} at (0,428) size 784x90 [border: (1px solid #000000)]
        RenderBlock {P} at (9,17) size 766x20
          RenderText {#text} at (0,0) size 297x19
            text run at (0,0) width 297: "ABCDEFGHIJKLMNOPQRSTUVWXYZ"
        RenderBlock {P} at (9,53) size 766x20
          RenderText {#text} at (0,0) size 157x19
            text run at (0,0) width 157: "ABCDEFGHIJKLMNO"
          RenderInline {SPAN} at (0,0) size 98x19
            RenderText {#text} at (156,0) size 21x19
              text run at (156,0) width 21: "PQ"
            RenderInline {SPAN} at (0,0) size 40x17
              RenderText {#text} at (176,2) size 40x17
                text run at (176,2) width 40: "RSTU"
            RenderText {#text} at (215,0) size 39x19
              text run at (215,0) width 39: "VWX"
          RenderText {#text} at (253,0) size 22x19
            text run at (253,0) width 22: "YZ"
