layer at (0,0) size 800x600
  RenderView at (0,0) size 800x600
layer at (0,0) size 800x600
  RenderBlock {HTML} at (0,0) size 800x600
    RenderBody {BODY} at (8,8) size 784x584
      RenderBlock {DIV} at (0,0) size 784x20
        RenderInline (generated) at (0,0) size 10x19 [color=#0000FF]
          RenderText {#text} at (0,0) size 10x19
            text run at (0,0) width 10: "L"
        RenderText {#text} at (9,0) size 169x19
          text run at (9,0) width 169: "orem ipsum dolor sit amet"
