layer at (0,0) size 800x600
  RenderView at (0,0) size 800x600
layer at (0,0) size 800x56
  RenderBlock {HTML} at (0,0) size 800x56
    RenderBody {BODY} at (8,8) size 784x40
layer at (8,8) size 784x40
  RenderBlock {DIV} at (0,0) size 784x40
    RenderMultiColumnSet at (0,0) size 784x20
    RenderBlock {DIV} at (0,20) size 784x0 [color=#FFFFFF]
    RenderMultiColumnSet at (0,20) size 784x20
layer at (8,8) size 117x40
  RenderMultiColumnFlowThread at (0,0) size 118x40
    RenderBlock {SUMMARY} at (0,0) size 118x40 [color=#FFFFFF]
      RenderBlock (anonymous) at (0,0) size 118x20
        RenderText {#text} at (0,0) size 8x19
          text run at (0,0) width 8: "a"
      RenderMultiColumnSpannerPlaceholder at (0,20) size 0x0
      RenderBlock (anonymous) at (0,20) size 118x20
        RenderText {#text} at (0,0) size 8x19
          text run at (0,0) width 8: "b"
