layer at (0,0) size 800x600
  RenderView at (0,0) size 800x600
layer at (0,0) size 800x36
  RenderBlock {HTML} at (0,0) size 800x36
    RenderBody {BODY} at (8,8) size 784x20
layer at (8,8) size 784x20
  RenderBlock {DIV} at (0,0) size 784x20
    RenderMultiColumnSet at (0,0) size 784x20
layer at (8,8) size 117x20
  RenderMultiColumnFlowThread at (0,0) size 118x20
    RenderFlexibleBox {DIV} at (0,0) size 118x20 [color=#FFFFFF]
      RenderBlock (anonymous) at (0,0) size 8x20
        RenderText {#text} at (0,0) size 8x19
          text run at (0,0) width 8: "a"
      RenderBlock {DIV} at (7,0) size 0x20
      RenderBlock (anonymous) at (7,0) size 9x20
        RenderText {#text} at (0,0) size 8x19
          text run at (0,0) width 8: "b"
