layer at (0,0) size 800x600
  RenderView at (0,0) size 800x600
layer at (0,0) size 800x127
  RenderBlock {HTML} at (0,0) size 800x127
    RenderBody {BODY} at (8,16) size 784x95
      RenderBlock {P} at (0,0) size 784x20 [color=#000080]
        RenderText {#text} at (0,0) size 332x19
          text run at (0,0) width 332: "The two blocks below should have the same height."
      RenderTable {TABLE} at (80,36) size 87x59
        RenderTableSection {TBODY} at (0,0) size 87x59
          RenderTableRow {TR} at (0,2) size 87x55
            RenderTableCell {TD} at (2,2) size 33x55 [r=0 c=0 rs=1 cs=1]
              RenderBlock {DIV} at (4,4) size 25x47 [color=#000080]
                RenderText {#text} at (0,1) size 25x45
                  text run at (0,1) width 25: "\x{C9}"
            RenderTableCell {TD} at (37,2) size 48x26 [r=0 c=1 rs=1 cs=1]
              RenderBlock {DIV} at (4,4) size 40x18 [border: (17.88px solid #000080) none]
