layer at (0,0) size 800x600
  RenderView at (0,0) size 800x600
layer at (0,0) size 800x112
  RenderBlock {HTML} at (0,0) size 800x112
    RenderBody {BODY} at (8,16) size 784x88
      RenderBlock {P} at (0,0) size 784x20
        RenderText {#text} at (0,0) size 226x19
          text run at (0,0) width 226: "There should be a green bar below:"
      RenderBlock {DIV} at (0,68) size 120x20 [color=#FFFFFF]
        RenderInline {SPAN} at (0,0) size 20x43 [bgcolor=#008000]
          RenderText {#text} at (0,-2) size 20x23
            text run at (0,-2) width 20: "xx"
        RenderText {#text} at (0,0) size 0x0
