layer at (0,0) size 800x600
  RenderView at (0,0) size 800x600
layer at (0,0) size 800x112
  RenderBlock {HTML} at (0,0) size 800x112
    RenderBody {BODY} at (8,16) size 784x81
      RenderBlock {P} at (0,0) size 784x20
        RenderText {#text} at (0,0) size 164x19
          text run at (0,0) width 164: "It should say \"HI\" below:"
      RenderBlock {DIV} at (15,36) size 165x45 [color=#FFFFFF] [bgcolor=#000080]
        RenderText {#text} at (0,-2) size 165x18
          text run at (0,-2) width 165: "xx xx xx xx xx xx xx xx xx"
        RenderInline {SPAN} at (0,0) size 154x18
          RenderText {#text} at (45,13) size 109x18
            text run at (45,13) width 109: "xx xx xx xx xx xx"
        RenderText {#text} at (0,28) size 72x18
          text run at (0,28) width 72: "xx xx xx xx"
