layer at (0,0) size 800x600
  RenderView at (0,0) size 800x600
layer at (0,0) size 800x112
  RenderBlock {HTML} at (0,0) size 800x112
    RenderBody {BODY} at (8,16) size 784x81
      RenderBlock {P} at (0,0) size 784x20
        RenderText {#text} at (0,0) size 226x19
          text run at (0,0) width 226: "There should be a green bar below:"
      RenderBlock {DIV} at (15,36) size 195x45 [bgcolor=#008000]
        RenderBlock {P} at (0,0) size 195x15 [color=#FFFFFF] [bgcolor=#FFFFFF]
          RenderText {#text} at (0,-2) size 12x18
            text run at (0,-2) width 12: "x "
          RenderInline {SPAN} at (0,0) size 124x18
            RenderText {#text} at (71,-2) size 64x18
              text run at (71,-2) width 64: "xxxx xxxx"
          RenderText {#text} at (135,-2) size 12x18
            text run at (135,-2) width 12: " x"
