layer at (0,0) size 800x600
  RenderView at (0,0) size 800x600
layer at (0,0) size 800x112
  RenderBlock {HTML} at (0,0) size 800x112
    RenderBody {BODY} at (8,16) size 784x81
      RenderBlock {P} at (0,0) size 784x20
        RenderText {#text} at (0,0) size 164x19
          text run at (0,0) width 164: "It should say \"HI\" below:"
      RenderBlock {DIV} at (15,36) size 165x45 [color=#FFFFFF] [bgcolor=#000080]
        RenderText {#text} at (0,-2) size 57x18
          text run at (0,-2) width 57: "xx xx xx "
        RenderInline {SPAN} at (0,0) size 147x33
          RenderText {#text} at (56,-2) size 147x33
            text run at (56,-2) width 91: "xx xx xx xx xx"
            text run at (0,13) width 15: "xx"
        RenderText {#text} at (60,13) size 154x33
          text run at (60,13) width 94: " xx xx xx xx xx"
          text run at (0,28) width 90: "xx xx xx xx xx"
