layer at (0,0) size 800x600
  RenderView at (0,0) size 800x600
layer at (0,0) size 800x209
  RenderBlock {HTML} at (0,0) size 800x209
    RenderBody {BODY} at (8,16) size 784x185
      RenderBlock {P} at (0,0) size 784x20
        RenderText {#text} at (0,0) size 296x19
          text run at (0,0) width 296: "The three diagrams below should be identical:"
      RenderBlock {P} at (0,36) size 160x32 [color=#FFA500] [bgcolor=#FFFF00]
        RenderText {#text} at (0,-2) size 56x19
          text run at (0,-2) width 56: "xxx xxx "
        RenderInline {SPAN} at (0,0) size 52x19 [bgcolor=#00FF00]
          RenderText {#text} at (56,-2) size 52x19
            text run at (56,-2) width 52: "xxx xxx"
        RenderText {#text} at (108,-2) size 136x35
          text run at (108,-2) width 28: " xxx"
          text run at (0,14) width 24: "xxx"
      RenderBlock {P} at (0,84) size 160x32 [color=#FFA500] [bgcolor=#FFFF00]
        RenderText {#text} at (0,-2) size 56x19
          text run at (0,-2) width 56: "xxx xxx "
        RenderInline {SPAN} at (0,0) size 52x19 [bgcolor=#00FF00]
          RenderText {#text} at (56,-2) size 52x19
            text run at (56,-2) width 52: "xxx xxx"
        RenderText {#text} at (108,-2) size 136x35
          text run at (108,-2) width 28: " xxx"
          text run at (0,14) width 24: "xxx"
      RenderBlock {DIV} at (0,132) size 784x53
        RenderImage {IMG} at (0,0) size 48x48
        RenderImage {IMG} at (48,0) size 16x48 [border: (16px solid #FFFF00) none (16px solid #FFFF00) none]
        RenderImage {IMG} at (64,0) size 48x48
        RenderImage {IMG} at (112,0) size 48x48
        RenderText {#text} at (0,0) size 0x0
