layer at (0,0) size 800x600
  RenderView at (0,0) size 800x600
layer at (0,0) size 800x195
  RenderBlock {HTML} at (0,0) size 800x195
    RenderBody {BODY} at (8,16) size 784x147
      RenderBlock {P} at (0,0) size 784x20 [color=#000080]
        RenderText {#text} at (0,0) size 272x19
          text run at (0,0) width 272: "The two sweets below should be identical:"
      RenderBlock {DIV} at (0,50) size 105x15 [bgcolor=#FF0000]
        RenderBlock {P} at (0,0) size 105x15 [color=#008000] [bgcolor=#00FF00]
          RenderText {#text} at (0,-2) size 12x18
            text run at (0,-2) width 12: "x "
          RenderInline {SPAN} at (0,0) size 38x48 [color=#FFFF00] [bgcolor=#FFA500]
            RenderText {#text} at (26,-2) size 8x18
              text run at (26,-2) width 8: "x"
          RenderText {#text} at (48,-2) size 12x18
            text run at (48,-2) width 12: " x"
      RenderBlock {DIV} at (0,97) size 784x50
        RenderImage {IMG} at (0,0) size 105x45
