layer at (0,0) size 800x600
  RenderView at (0,0) size 800x600
layer at (0,0) size 800x127
  RenderBlock {HTML} at (0,0) size 800x127
    RenderBody {BODY} at (8,16) size 784x96
      RenderBlock {P} at (0,0) size 784x20
        RenderText {#text} at (0,0) size 248x19
          text run at (0,0) width 248: "There should be a green square below:"
      RenderBlock {DIV} at (15,36) size 754x60
        RenderBlock {DIV} at (0,0) size 75x60 [bgcolor=#FF0000]
          RenderBlock {P} at (0,0) size 75x45 [color=#FFFFFF] [bgcolor=#FFFFFF]
            RenderText {#text} at (0,-2) size 38x18
              text run at (0,-2) width 38: "xx xx "
            RenderInline {SPAN} at (0,0) size 75x33 [color=#008000]
              RenderText {#text} at (37,-2) size 53x33
                text run at (37,-2) width 16: "xx"
                text run at (0,13) width 15: "xx"
            RenderText {#text} at (0,28) size 34x18
              text run at (0,28) width 34: "xx xx"
