layer at (0,0) size 800x600
  RenderView at (0,0) size 800x600
layer at (0,0) size 800x112
  RenderBlock {HTML} at (0,0) size 800x112
    RenderBody {BODY} at (8,16) size 784x81
      RenderBlock {P} at (0,0) size 784x20
        RenderText {#text} at (0,0) size 226x19
          text run at (0,0) width 226: "There should be a green bar below:"
      RenderBlock {DIV} at (15,36) size 195x45 [bgcolor=#008000]
        RenderBlock {P} at (0,0) size 195x15 [color=#FFFFFF] [bgcolor=#FFFFFF]
          RenderText {#text} at (0,-2) size 12x18
            text run at (0,-2) width 12: "x "
          RenderInline {SPAN} at (0,0) size 139x18
            RenderText {#text} at (11,-2) size 79x18
              text run at (11,-2) width 79: "xxxxx xxxxx"
          RenderText {#text} at (150,-2) size 12x18
            text run at (150,-2) width 12: " x"
