layer at (0,0) size 800x600
  RenderView at (0,0) size 800x600
layer at (0,0) size 800x97
  RenderBlock {HTML} at (0,0) size 800x97
    RenderBody {BODY} at (8,16) size 784x66
      RenderBlock {P} at (0,0) size 784x20
        RenderText {#text} at (0,0) size 278x19
          text run at (0,0) width 278: "There should be a green vertical bar below:"
      RenderBlock {DIV} at (15,36) size 120x30 [color=#FFFFFF] [bgcolor=#FF0000]
        RenderBlock {P} at (0,0) size 105x15 [bgcolor=#FFFFFF]
          RenderText {#text} at (0,-2) size 12x18
            text run at (0,-2) width 12: "x "
          RenderInline {SPAN} at (0,0) size 68x18
            RenderText {#text} at (11,-2) size 8x18
              text run at (11,-2) width 8: "x"
          RenderText {#text} at (78,-2) size 9x18
            text run at (78,-2) width 9: "x"
