layer at (0,0) size 800x600
  RenderView at (0,0) size 800x600
layer at (0,0) size 800x100
  RenderBlock {HTML} at (0,0) size 800x100
    RenderBody {BODY} at (8,16) size 784x76
      RenderBlock {P} at (0,0) size 784x20
        RenderText {#text} at (0,0) size 226x19
          text run at (0,0) width 226: "There should be a green bar below:"
      RenderBlock {DIV} at (0,36) size 120x40 [color=#FFFFFF]
        RenderText {#text} at (0,-2) size 50x23
          text run at (0,-2) width 50: "xx xx "
        RenderInline {SPAN} at (0,0) size 20x43 [bgcolor=#FF0000]
          RenderText {#text} at (50,-2) size 20x23
            text run at (50,-2) width 20: "xx"
        RenderText {#text} at (70,-2) size 30x23
          text run at (70,-2) width 30: " xx "
        RenderInline {SPAN} at (0,0) size 20x23 [color=#008000]
          RenderText {#text} at (100,-2) size 20x23
            text run at (100,-2) width 20: "xx"
        RenderText {#text} at (0,18) size 20x23
          text run at (0,18) width 20: "xx"
