layer at (0,0) size 800x600
  RenderView at (0,0) size 800x600
layer at (0,0) size 800x112
  RenderBlock {HTML} at (0,0) size 800x112
    RenderBody {BODY} at (8,16) size 784x81
      RenderBlock {P} at (0,0) size 784x20
        RenderText {#text} at (0,0) size 320x19
          text run at (0,0) width 320: "There should be a small light green square below:"
      RenderBlock {DIV} at (15,36) size 754x45
        RenderBlock {P} at (0,0) size 75x45 [color=#FFFFFF]
          RenderText {#text} at (0,-2) size 15x33
            text run at (0,-2) width 15: "xx"
            text run at (0,13) width 15: "xx"
          RenderInline {SPAN} at (0,0) size 8x18 [color=#00FF00] [bgcolor=#FF0000]
            RenderText {#text} at (75,13) size 8x18
              text run at (75,13) width 8: "x"
          RenderText {#text} at (0,28) size 34x18
            text run at (0,28) width 34: "xx xx"
