layer at (0,0) size 800x600
  RenderView at (0,0) size 800x600
layer at (0,0) size 800x112
  RenderBlock {HTML} at (0,0) size 800x112
    RenderBody {BODY} at (8,16) size 784x81
      RenderBlock {P} at (0,0) size 784x20
        RenderText {#text} at (0,0) size 226x19
          text run at (0,0) width 226: "There should be a green bar below:"
      RenderBlock {DIV} at (15,36) size 120x45 [bgcolor=#008000]
        RenderBlock {P} at (0,0) size 120x15 [color=#FFFFFF] [bgcolor=#FFFFFF]
          RenderText {#text} at (0,-2) size 42x18
            text run at (0,-2) width 42: "x x x x"
          RenderInline {SPAN} at (0,0) size 8x18
            RenderText {#text} at (41,-2) size 8x18
              text run at (41,-2) width 8: "x"
          RenderText {#text} at (-11,-2) size 65x18
            text run at (-11,-2) width 64: "x x x x x x"
