layer at (0,0) size 800x600
  RenderView at (0,0) size 800x600
layer at (0,0) size 800x189
  RenderBlock {HTML} at (0,0) size 800x189
    RenderBody {BODY} at (8,8) size 784x173
      RenderBlock {P} at (0,0) size 784x23
        RenderText {#text} at (0,3) size 278x19
          text run at (0,3) width 278: "There should be a green box to the right. \x{2798}"
      RenderBlock {DIV} at (0,23) size 784x150 [bgcolor=#FFFFFF]
        RenderBlock (floating) {P} at (458,10) size 316x61 [color=#008000] [border: (3px solid #008000)]
          RenderText {#text} at (8,6) size 297x48
            text run at (8,6) width 132: "x x xxxx xx xxxx x x "
            text run at (139,6) width 132: "x xx xx xxxx xx xx x "
            text run at (270,6) width 35: "x xxx"
            text run at (8,21) width 94: "xx xx xx xxx x "
            text run at (101,21) width 132: "x xx xx xxxx xx xx x "
            text run at (233,21) width 72: "x x xxxx xx"
            text run at (8,36) width 53: "xxxx x x"
        RenderBlock {P} at (0,0) size 784x45 [color=#FFFFFF]
          RenderText {#text} at (440,-2) size 8x18
            text run at (440,-2) width 8: "x"
          RenderBR {BR} at (448,-2) size 0x18
          RenderText {#text} at (440,13) size 8x18
            text run at (440,13) width 8: "x"
          RenderBR {BR} at (448,13) size 0x18
          RenderText {#text} at (440,28) size 8x18
            text run at (440,28) width 8: "x"
