layer at (0,0) size 800x600
  RenderView at (0,0) size 800x600
layer at (0,0) size 800x516
  RenderBlock {HTML} at (0,0) size 800x516
    RenderBody {BODY} at (8,16) size 784x492
      RenderBlock {P} at (0,0) size 784x20
        RenderText {#text} at (0,0) size 253x19
          text run at (0,0) width 253: "There should be a big green box below."
      RenderBlock {DIV} at (0,36) size 306x456 [color=#008000] [bgcolor=#FF0000] [border: (3px solid #000000)]
        RenderImage {IMG} at (3,3) size 50x50
        RenderBlock {P} at (3,18) size 300x45
          RenderText {#text} at (50,-2) size 248x48
            text run at (50,-2) width 210: "xxxxx xxxx xxx xx x xx xxx xxxx "
            text run at (260,-2) width 38: "xxxxx"
            text run at (50,13) width 169: "xxxx xxx xx x xx xxx xxxx "
            text run at (218,13) width 72: "xxxxx xxxx"
            text run at (50,28) width 132: "xxx xx x xx xxx xxxx"
        RenderImage {IMG} at (3,78) size 50x50
        RenderBlock {P} at (3,128) size 300x30
          RenderText {#text} at (0,-2) size 282x33
            text run at (0,-2) width 210: "xxxxx xxxx xxx xx x xx xxx xxxx "
            text run at (210,-2) width 72: "xxxxx xxxx"
            text run at (0,13) width 132: "xxx xx x xx xxx xxxx"
        RenderImage {IMG} at (253,173) size 50x50
        RenderBlock {P} at (3,223) size 300x30
          RenderText {#text} at (0,-2) size 282x33
            text run at (0,-2) width 210: "xxxxx xxxx xxx xx x xx xxx xxxx "
            text run at (210,-2) width 72: "xxxxx xxxx"
            text run at (0,13) width 132: "xxx xx x xx xxx xxxx"
        RenderImage {IMG} at (3,268) size 50x50
        RenderImage {IMG} at (253,268) size 50x50
        RenderBlock {P} at (3,318) size 300x30
          RenderText {#text} at (0,-2) size 282x33
            text run at (0,-2) width 210: "xxxxx xxxx xxx xx x xx xxx xxxx "
            text run at (210,-2) width 72: "xxxxx xxxx"
            text run at (0,13) width 132: "xxx xx x xx xxx xxxx"
        RenderImage {IMG} at (3,363) size 50x50
        RenderImage {IMG} at (253,363) size 50x50
        RenderBlock {P} at (3,363) size 300x75
          RenderText {#text} at (50,-2) size 245x78
            text run at (50,-2) width 173: "xxxxx xxxx xxx xx x xx xxx"
            text run at (50,13) width 34: "xxxx "
            text run at (83,13) width 147: "xxxxx xxxx xxx xx x xx"
            text run at (50,28) width 60: "xxx xxxx "
            text run at (110,28) width 128: "xxxxx xxxx xxx xx x"
            text run at (50,43) width 79: "xx xxx xxxx "
            text run at (128,43) width 117: "xxxxx xxxx xxx xx"
            text run at (0,58) width 87: "x xx xxx xxxx"
