layer at (0,0) size 800x600
  RenderView at (0,0) size 800x600
layer at (0,0) size 800x188
  RenderBlock {HTML} at (0,0) size 800x188
    RenderBody {BODY} at (8,16) size 784x164
      RenderBlock {P} at (0,0) size 784x20 [color=#000080]
        RenderText {#text} at (0,0) size 491x19
          text run at (0,0) width 491: "The two diagrams below should be identical to the pixel with no red present."
      RenderTable {TABLE} at (0,36) size 434x128
        RenderTableSection {TBODY} at (0,0) size 434x128
          RenderTableRow {TR} at (0,2) size 434x124
            RenderTableCell {TD} at (2,26) size 214x76 [border: (2px solid #000000)] [r=0 c=0 rs=1 cs=1]
              RenderBlock {DIV} at (12,2) size 200x72
                RenderText {#text} at (0,6) size 98x12
                  text run at (0,6) width 75: "1 2 3 4 5 6 7 8 9 0 "
                  text run at (75,6) width 23: "1 2 3 "
                RenderInline {SPAN} at (0,0) size 200x60 [border: (10px solid #0000FF)]
                  RenderText {#text} at (157,6) size 200x36
                    text run at (157,6) width 31: "7 8 9 0 "
                    text run at (187,6) width 13: "1 2"
                    text run at (0,30) width 60: "3 4 5 6 7 8 9 0 "
                    text run at (60,30) width 30: "1 2 3 4 "
                RenderText {#text} at (150,30) size 200x36
                  text run at (150,30) width 23: "8 9 0 "
                  text run at (172,30) width 28: "1 2 3 4"
                  text run at (0,54) width 43: "5 6 7 8 9 0"
            RenderTableCell {TD} at (218,2) size 214x124 [color=#FFFF00] [bgcolor=#FF0000] [border: (2px solid #000000)] [r=0 c=1 rs=1 cs=1]
              RenderImage {IMG} at (2,2) size 210x120
