layer at (0,0) size 800x600
  RenderView at (0,0) size 800x600
layer at (0,0) size 800x501
  RenderBlock {HTML} at (0,0) size 800x501
    RenderBody {BODY} at (8,16) size 784x477
      RenderBlock {P} at (0,0) size 784x20
        RenderText {#text} at (0,0) size 334x19
          text run at (0,0) width 334: "There should be a tall green box below, with no red."
      RenderBlock {DIV} at (0,36) size 126x441 [color=#008000] [bgcolor=#FF0000] [border: (3px solid #000000)]
        RenderBlock {P} at (18,18) size 90x15
          RenderText {#text} at (0,-2) size 83x18
            text run at (0,-2) width 83: "x x x xx x x x"
        RenderBlock {P} at (18,48) size 90x45
          RenderImage {IMG} at (0,0) size 45x45 [color=#FF0000]
          RenderText {#text} at (45,-2) size 38x48
            text run at (45,-2) width 30: "x x x"
            text run at (45,13) width 38: "xx x x"
            text run at (45,28) width 8: "x"
        RenderBlock {P} at (18,108) size 90x90
          RenderImage {IMG} at (30,30) size 45x45 [color=#FF0000]
          RenderText {#text} at (75,-2) size 90x93
            text run at (75,-2) width 8: "x"
            text run at (75,13) width 8: "x"
            text run at (75,28) width 8: "x"
            text run at (75,43) width 15: "xx"
            text run at (75,58) width 8: "x"
            text run at (0,73) width 19: "x x"
        RenderBlock {P} at (48,243) size 60x30
          RenderImage {IMG} at (-30,-30) size 45x45 [color=#FF0000]
          RenderText {#text} at (15,-2) size 49x33
            text run at (15,-2) width 30: "x x x"
            text run at (0,13) width 49: "xx x x x"
        RenderBlock {P} at (18,288) size 90x90
          RenderImage {IMG} at (0,0) size 45x45 [color=#FF0000]
          RenderText {#text} at (75,-2) size 90x93
            text run at (75,-2) width 8: "x"
            text run at (75,13) width 8: "x"
            text run at (75,28) width 8: "x"
            text run at (75,43) width 15: "xx"
            text run at (75,58) width 8: "x"
            text run at (0,73) width 19: "x x"
        RenderBlock {P} at (18,393) size 90x30
          RenderImage {IMG} at (0,0) size 45x45 [color=#FF0000]
          RenderText {#text} at (15,-2) size 87x33
            text run at (15,-2) width 72: "x x x xx x x"
            text run at (0,13) width 8: "x"
