layer at (0,0) size 800x600
  RenderView at (0,0) size 800x600
layer at (0,0) size 800x84
  RenderBlock {HTML} at (0,0) size 800x84
    RenderBody {BODY} at (8,16) size 784x60
      RenderBlock {P} at (0,0) size 784x20
        RenderText {#text} at (0,0) size 362x19
          text run at (0,0) width 362: "There should be no red below, only green lines and dots."
      RenderBlock {DIV} at (0,36) size 200x24 [color=#008000]
        RenderText {#text} at (0,0) size 14x12
          text run at (0,0) width 14: "z z "
        RenderInline {EM} at (0,0) size 76x12 [color=#FF0000]
          RenderText {#text} at (13,0) size 76x12
            text run at (13,0) width 76: "x x x x x x x x x x "
        RenderText {#text} at (0,0) size 0x0
        RenderInline {SPAN} at (0,0) size 197x48 [border: (10px solid #00FF00)]
          RenderText {#text} at (0,0) size 0x0
          RenderInline {EM} at (0,0) size 197x24 [color=#FF0000]
            RenderText {#text} at (108,0) size 197x24
              text run at (108,0) width 76: "x x x x x x x x x x "
              text run at (183,0) width 14: "x x"
              text run at (0,12) width 8: "x "
          RenderText {#text} at (7,12) size 68x12
            text run at (7,12) width 68: "y y y y y y y y y "
        RenderText {#text} at (95,12) size 101x12
          text run at (95,12) width 101: "y y y y y y y y y y z z z z"
