layer at (0,0) size 800x600
  RenderView at (0,0) size 800x600
layer at (0,0) size 800x169
  RenderBlock {HTML} at (0,0) size 800x169
    RenderBody {BODY} at (8,8) size 784x153
      RenderBlock {P} at (0,0) size 784x20
        RenderText {#text} at (0,0) size 512x19
          text run at (0,0) width 512: "There should be a big pattern of green and lime dots below, with no red present."
      RenderBlock {DIV} at (6,26) size 66x127 [color=#00FF00] [bgcolor=#FF0000] [border: (3px solid #000000)]
        RenderBlock {P} at (15,9) size 48x24
          RenderText {#text} at (0,5) size 44x14
            text run at (0,5) width 44: "X X X X"
        RenderBlock {P} at (15,33) size 48x24
          RenderText {#text} at (0,5) size 44x14
            text run at (0,5) width 44: "X X X X"
        RenderBlock {P} at (15,57) size 48x24
          RenderText {#text} at (0,5) size 44x14
            text run at (0,5) width 44: "X X X X"
        RenderBlock {P} at (15,81) size 48x24
          RenderText {#text} at (0,5) size 44x14
            text run at (0,5) width 44: "X X X X"
        RenderBlock {P} at (15,105) size 48x13
          RenderText {#text} at (0,-1) size 44x14
            text run at (0,-1) width 44: "X X X X"
