layer at (0,0) size 800x600
  RenderView at (0,0) size 800x600
layer at (0,0) size 800x198
  RenderBlock {HTML} at (0,0) size 800x198
    RenderBody {BODY} at (8,16) size 784x174
      RenderBlock {P} at (0,0) size 784x20
        RenderText {#text} at (0,0) size 445x19
          text run at (0,0) width 445: "There should be no red below, just the outline of an empty green box."
      RenderBlock {DIV} at (0,36) size 230x138 [color=#FFFFFF] [bgcolor=#FF0000] [border: (10px solid #008000)]
        RenderText {#text} at (20,19) size 178x12
          text run at (20,19) width 90: "xxxx xxxx xxxx xxxx "
          text run at (110,19) width 88: "xxxx xxxx xxxx xxxx"
        RenderImage {IMG} at (20,35) size 40x40
        RenderText {#text} at (60,63) size 25x12
          text run at (60,63) width 3: " "
          text run at (62,63) width 23: "xxxx "
        RenderImage {IMG} at (85,63) size 40x40
        RenderText {#text} at (125,63) size 173x56
          text run at (125,63) width 3: " "
          text run at (127,63) width 23: "xxxx "
          text run at (150,63) width 43: "xxxx xxxx"
          text run at (20,107) width 43: "xxxx xxxx"
