layer at (0,0) size 800x600
  RenderView at (0,0) size 800x600
layer at (0,0) size 800x194
  RenderBlock {HTML} at (0,0) size 800x194
    RenderBody {BODY} at (8,16) size 784x163
      RenderBlock {P} at (0,0) size 784x40
        RenderText {#text} at (0,0) size 737x39
          text run at (0,0) width 391: "Change your window size. However the lines wrap, the blue "
          text run at (390,0) width 347: "rectanglues should always have their tops on the same"
          text run at (0,20) width 86: "alignment as "
          text run at (85,20) width 210: "other blue rectangles on the line."
      RenderBlock {P} at (15,56) size 754x107 [color=#0000FF] [bgcolor=#FFFFFF] [border: (1px solid #C0C0C0)]
        RenderInline {SPAN} at (0,0) size 23x19
          RenderText {#text} at (8,6) size 23x19
            text run at (8,6) width 23: "xxx"
        RenderText {#text} at (31,6) size 4x19
          text run at (31,6) width 4: " "
        RenderImage {IMG} at (34,8) size 11x11
        RenderText {#text} at (44,6) size 5x19
          text run at (44,6) width 5: " "
        RenderInline {SPAN} at (0,0) size 58x44
          RenderText {#text} at (48,5) size 58x44
            text run at (48,5) width 58: "xxx"
        RenderText {#text} at (105,6) size 5x19
          text run at (105,6) width 5: " "
        RenderImage {IMG} at (109,8) size 11x11
        RenderText {#text} at (119,6) size 4x19
          text run at (119,6) width 4: " "
        RenderInline {SPAN} at (0,0) size 23x19
          RenderText {#text} at (123,6) size 23x19
            text run at (123,6) width 23: "xxx"
        RenderText {#text} at (145,6) size 5x19
          text run at (145,6) width 5: " "
        RenderImage {IMG} at (149,8) size 11x11
        RenderText {#text} at (159,6) size 4x19
          text run at (159,6) width 4: " "
        RenderInline {SPAN} at (0,0) size 23x19
          RenderText {#text} at (163,6) size 23x19
            text run at (163,6) width 23: "xxx"
        RenderText {#text} at (185,6) size 5x19
          text run at (185,6) width 5: " "
        RenderImage {IMG} at (189,8) size 11x11
        RenderText {#text} at (199,6) size 4x19
          text run at (199,6) width 4: " "
        RenderInline {BIG} at (0,0) size 30x24
          RenderText {#text} at (203,6) size 30x24
            text run at (203,6) width 30: "xxx"
        RenderText {#text} at (233,6) size 4x19
          text run at (233,6) width 4: " "
        RenderImage {IMG} at (236,8) size 21x21
        RenderText {#text} at (256,6) size 5x19
          text run at (256,6) width 5: " "
        RenderInline {SPAN} at (0,0) size 23x19
          RenderText {#text} at (260,6) size 23x19
            text run at (260,6) width 23: "xxx"
        RenderText {#text} at (283,6) size 4x19
          text run at (283,6) width 4: " "
        RenderImage {IMG} at (286,8) size 66x66
        RenderText {#text} at (351,6) size 5x19
          text run at (351,6) width 5: " "
        RenderInline {SPAN} at (0,0) size 23x19
          RenderText {#text} at (355,6) size 23x19
            text run at (355,6) width 23: "xxx"
        RenderText {#text} at (378,6) size 4x19
          text run at (378,6) width 4: " "
        RenderImage {IMG} at (381,8) size 36x36
        RenderText {#text} at (416,6) size 5x19
          text run at (416,6) width 5: " "
        RenderInline {SPAN} at (0,0) size 46x35
          RenderText {#text} at (420,6) size 46x35
            text run at (420,6) width 46: "xxx"
        RenderText {#text} at (465,6) size 5x19
          text run at (465,6) width 5: " "
        RenderImage {IMG} at (469,8) size 51x51
        RenderText {#text} at (519,6) size 4x19
          text run at (519,6) width 4: " "
        RenderInline {SPAN} at (0,0) size 23x19
          RenderText {#text} at (523,6) size 23x19
            text run at (523,6) width 23: "xxx"
        RenderText {#text} at (545,6) size 5x19
          text run at (545,6) width 5: " "
        RenderImage {IMG} at (549,8) size 16x16
        RenderText {#text} at (564,6) size 4x19
          text run at (564,6) width 4: " "
        RenderInline {BIG} at (0,0) size 30x24
          RenderText {#text} at (568,6) size 30x24
            text run at (568,6) width 30: "xxx"
        RenderText {#text} at (598,6) size 4x19
          text run at (598,6) width 4: " "
        RenderImage {IMG} at (601,8) size 91x91
        RenderText {#text} at (0,0) size 0x0
