layer at (0,0) size 800x600
  RenderView at (0,0) size 800x600
layer at (0,0) size 800x259
  RenderBlock {HTML} at (0,0) size 800x259
    RenderBody {BODY} at (8,16) size 784x193
      RenderBlock {P} at (0,0) size 784x40
        RenderText {#text} at (0,0) size 769x39
          text run at (0,0) width 769: "There should be four identical white boxes in the teal block below, all the same size, each one a little lower down on the"
          text run at (0,20) width 138: "line, in a step pattern."
      RenderBlock {DIV} at (50,90) size 684x103 [color=#FFFFFF] [bgcolor=#008080]
        RenderInline {SPAN} at (0,0) size 37x57
          RenderText {#text} at (12,9) size 37x57
            text run at (12,9) width 37: "X"
        RenderText {#text} at (48,26) size 14x57
          text run at (48,26) width 14: " "
        RenderImage {IMG} at (61,21) size 51x51
        RenderText {#text} at (111,26) size 62x57
          text run at (111,26) width 62: " X "
        RenderInline {SPAN} at (0,0) size 37x57
          RenderText {#text} at (172,37) size 37x57
            text run at (172,37) width 37: "X"
