layer at (0,0) size 800x600
  RenderView at (0,0) size 800x600
layer at (0,0) size 800x280
  RenderBlock {HTML} at (0,0) size 800x280
    RenderBody {BODY} at (8,16) size 784x252
      RenderBlock {P} at (0,0) size 784x20
        RenderText {#text} at (0,0) size 272x19
          text run at (0,0) width 272: "The two blocks below should be identical:"
      RenderBlock {DIV} at (12,36) size 126x78 [color=#00FFFF] [bgcolor=#008080] [border: (3px solid #000080)]
        RenderText {#text} at (27,25) size 88x28
          text run at (27,25) width 88: "X X X X"
      RenderBlock {PRE} at (12,126) size 126x126 [color=#00FFFF] [bgcolor=#008080] [border: (3px solid #000080)]
        RenderText {#text} at (3,1) size 53x124
          text run at (3,1) width 30: "     "
          text run at (3,25) width 53: " X X "
          text run at (3,49) width 30: "     "
          text run at (3,73) width 53: " X X "
          text run at (3,97) width 30: "     "
