layer at (0,0) size 800x600
  RenderView at (0,0) size 800x600
layer at (0,0) size 800x293
  RenderBlock {HTML} at (0,0) size 800x293
    RenderBody {BODY} at (8,16) size 784x262
      RenderBlock {P} at (0,0) size 784x40
        RenderText {#text} at (0,0) size 737x39
          text run at (0,0) width 391: "Change your window size. However the lines wrap, the blue "
          text run at (390,0) width 347: "rectanglues should always have their tops on the same"
          text run at (0,20) width 86: "alignment as "
          text run at (85,20) width 210: "other blue rectangles on the line."
      RenderBlock {P} at (15,56) size 754x206 [color=#0000FF] [bgcolor=#FFFFFF] [border: (1px solid #C0C0C0)]
        RenderText {#text} at (8,40) size 27x19
          text run at (8,40) width 27: "xxx "
        RenderImage {IMG} at (34,40) size 31x31
        RenderText {#text} at (64,40) size 5x19
          text run at (64,40) width 5: " "
        RenderInline {SPAN} at (0,0) size 58x44 [color=#C0C0C0]
          RenderText {#text} at (68,20) size 58x44
            text run at (68,20) width 58: "xxx"
        RenderText {#text} at (125,40) size 5x19
          text run at (125,40) width 5: " "
        RenderImage {IMG} at (129,40) size 51x51
        RenderText {#text} at (179,40) size 4x19
          text run at (179,40) width 4: " "
        RenderInline {BIG} at (0,0) size 30x24 [color=#C0C0C0]
          RenderText {#text} at (183,36) size 30x24
            text run at (183,36) width 30: "xxx"
        RenderText {#text} at (213,40) size 4x19
          text run at (213,40) width 4: " "
        RenderImage {IMG} at (216,40) size 11x11
        RenderText {#text} at (226,40) size 5x19
          text run at (226,40) width 5: " "
        RenderInline {SMALL} at (0,0) size 16x13 [color=#C0C0C0]
          RenderText {#text} at (230,45) size 16x13
            text run at (230,45) width 16: "xxx"
        RenderText {#text} at (245,40) size 5x19
          text run at (245,40) width 5: " "
        RenderImage {IMG} at (249,40) size 21x21
        RenderText {#text} at (269,40) size 31x19
          text run at (269,40) width 4: " "
          text run at (273,40) width 27: "xxx "
        RenderImage {IMG} at (299,40) size 66x66
        RenderText {#text} at (364,40) size 4x19
          text run at (364,40) width 4: " "
        RenderInline {SPAN} at (0,0) size 45x35 [color=#C0C0C0]
          RenderText {#text} at (368,27) size 45x35
            text run at (368,27) width 45: "xxx"
        RenderText {#text} at (413,40) size 4x19
          text run at (413,40) width 4: " "
        RenderImage {IMG} at (416,40) size 36x36
        RenderText {#text} at (451,40) size 31x19
          text run at (451,40) width 5: " "
          text run at (455,40) width 27: "xxx "
        RenderImage {IMG} at (481,40) size 31x31
        RenderText {#text} at (511,40) size 5x19
          text run at (511,40) width 5: " "
        RenderInline {SPAN} at (0,0) size 165x27 [color=#C0C0C0]
          RenderText {#text} at (515,33) size 41x27
            text run at (515,33) width 41: "xxx "
          RenderInline {SPAN} at (0,0) size 85x64
            RenderText {#text} at (555,4) size 85x64
              text run at (555,4) width 85: "xxx"
          RenderText {#text} at (639,33) size 41x27
            text run at (639,33) width 41: " xxx"
        RenderText {#text} at (680,40) size 4x19
          text run at (680,40) width 4: " "
        RenderImage {IMG} at (683,40) size 51x51
        RenderText {#text} at (0,0) size 0x0
        RenderInline {SMALL} at (0,0) size 16x13 [color=#C0C0C0]
          RenderText {#text} at (8,112) size 16x13
            text run at (8,112) width 16: "xxx"
        RenderText {#text} at (23,107) size 5x19
          text run at (23,107) width 5: " "
        RenderImage {IMG} at (27,107) size 16x16
        RenderText {#text} at (42,107) size 4x19
          text run at (42,107) width 4: " "
        RenderInline {BIG} at (0,0) size 30x24 [color=#C0C0C0]
          RenderText {#text} at (46,103) size 30x24
            text run at (46,103) width 30: "xxx"
        RenderText {#text} at (76,107) size 4x19
          text run at (76,107) width 4: " "
        RenderImage {IMG} at (79,107) size 91x91
        RenderText {#text} at (169,107) size 27x19
          text run at (169,107) width 5: " "
          text run at (173,107) width 23: "xxx"
