layer at (0,0) size 800x600
  RenderView at (0,0) size 800x600
layer at (0,0) size 800x234
  RenderBlock {HTML} at (0,0) size 800x234
    RenderBody {BODY} at (8,8) size 784x206
      RenderBlock {P} at (0,0) size 784x20
        RenderText {#text} at (0,0) size 196x19
          text run at (0,0) width 196: "There should be no red below:"
      RenderBlock {DIV} at (20,40) size 86x166 [color=#008000] [bgcolor=#FF0000] [border: (3px solid #000000)]
        RenderBlock (anonymous) at (3,3) size 80x40
          RenderText {#text} at (0,8) size 55x23
            text run at (0,8) width 55: "x x x x"
        RenderBlock {P} at (3,43) size 80x80
          RenderText {#text} at (0,17) size 50x45
            text run at (0,17) width 50: "x x"
        RenderBlock (anonymous) at (3,123) size 80x40
          RenderText {#text} at (0,8) size 55x23
            text run at (0,8) width 55: "x x x x"
