layer at (0,0) size 800x600
  RenderView at (0,0) size 800x600
layer at (0,0) size 800x269
  RenderBlock {HTML} at (0,0) size 800x269
    RenderBody {BODY} at (8,16) size 784x238
      RenderBlock {P} at (0,0) size 784x40
        RenderText {#text} at (0,0) size 761x39
          text run at (0,0) width 391: "Change your window size. However the lines wrap, the blue "
          text run at (390,0) width 371: "rectanglues should always have their middles on the same"
          text run at (0,20) width 86: "alignment as "
          text run at (85,20) width 210: "other blue rectangles on the line."
      RenderBlock {P} at (15,56) size 754x182 [color=#0000FF] [bgcolor=#FFFFFF] [border: (1px solid #C0C0C0)]
        RenderText {#text} at (8,40) size 32x19
          text run at (8,40) width 32: "\x{C9}\x{C9}\x{C9} "
        RenderImage {IMG} at (39,36) size 31x31
        RenderText {#text} at (69,40) size 5x19
          text run at (69,40) width 5: " "
        RenderInline {SPAN} at (0,0) size 58x44 [color=#C0C0C0]
          RenderText {#text} at (73,20) size 58x44
            text run at (73,20) width 58: "xxx"
        RenderText {#text} at (130,40) size 5x19
          text run at (130,40) width 5: " "
        RenderImage {IMG} at (134,26) size 51x51
        RenderText {#text} at (184,40) size 36x19
          text run at (184,40) width 4: " "
          text run at (187,40) width 33: "\x{C9}\x{C9}\x{C9} "
        RenderImage {IMG} at (219,46) size 11x11
        RenderText {#text} at (229,40) size 4x19
          text run at (229,40) width 4: " "
        RenderInline {SMALL} at (0,0) size 16x13 [color=#C0C0C0]
          RenderText {#text} at (232,45) size 16x13
            text run at (232,45) width 16: "xxx"
        RenderText {#text} at (247,40) size 5x19
          text run at (247,40) width 5: " "
        RenderImage {IMG} at (251,41) size 21x21
        RenderText {#text} at (271,40) size 36x19
          text run at (271,40) width 5: " "
          text run at (275,40) width 32: "\x{C9}\x{C9}\x{C9} "
        RenderImage {IMG} at (306,18) size 66x66
        RenderText {#text} at (371,40) size 36x19
          text run at (371,40) width 5: " "
          text run at (375,40) width 32: "\x{C9}\x{C9}\x{C9} "
        RenderImage {IMG} at (406,33) size 36x36
        RenderText {#text} at (441,40) size 5x19
          text run at (441,40) width 5: " "
        RenderInline {SPAN} at (0,0) size 46x35 [color=#C0C0C0]
          RenderText {#text} at (445,27) size 46x35
            text run at (445,27) width 46: "xxx"
        RenderText {#text} at (490,40) size 5x19
          text run at (490,40) width 5: " "
        RenderImage {IMG} at (494,26) size 51x51
        RenderText {#text} at (544,40) size 4x19
          text run at (544,40) width 4: " "
        RenderInline {SPAN} at (0,0) size 166x27 [color=#C0C0C0]
          RenderText {#text} at (547,33) size 42x27
            text run at (547,33) width 42: "xxx "
          RenderInline {SPAN} at (0,0) size 85x64
            RenderText {#text} at (588,4) size 85x64
              text run at (588,4) width 85: "xxx"
          RenderText {#text} at (672,33) size 41x27
            text run at (672,33) width 41: " xxx"
        RenderText {#text} at (0,0) size 0x0
        RenderImage {IMG} at (8,103) size 51x51
        RenderText {#text} at (58,117) size 5x19
          text run at (58,117) width 5: " "
        RenderInline {SMALL} at (0,0) size 16x13 [color=#C0C0C0]
          RenderText {#text} at (62,122) size 16x13
            text run at (62,122) width 16: "xxx"
        RenderText {#text} at (77,117) size 4x19
          text run at (77,117) width 4: " "
        RenderImage {IMG} at (81,120) size 15x16
        RenderText {#text} at (96,117) size 4x19
          text run at (96,117) width 4: " "
        RenderInline {BIG} at (0,0) size 31x24 [color=#C0C0C0]
          RenderText {#text} at (99,113) size 31x24
            text run at (99,113) width 31: "xxx"
        RenderText {#text} at (129,117) size 5x19
          text run at (129,117) width 5: " "
        RenderImage {IMG} at (133,83) size 91x91
        RenderText {#text} at (223,117) size 32x19
          text run at (223,117) width 5: " "
          text run at (227,117) width 28: "\x{C9}\x{C9}\x{C9}"
