layer at (0,0) size 800x600
  RenderView at (0,0) size 800x600
layer at (0,0) size 800x157
  RenderBlock {HTML} at (0,0) size 800x157
    RenderBody {BODY} at (0,0) size 800x157
      RenderBlock {DIV} at (0,0) size 800x15 [color=#FFFFFF]
        RenderText {#text} at (789,-2) size 11x18
          text run at (789,-2) width 11: "X"
      RenderBlock {P} at (0,31) size 800x20
        RenderText {#text} at (0,0) size 495x19
          text run at (0,0) width 495: "There should be no red on this page (look in the upper right hand corner too)."
      RenderBlock {DIV} at (0,67) size 165x30 [color=#FFFFFF]
        RenderText {#text} at (0,-2) size 139x33
          text run at (0,-2) width 45: "            "
          text run at (45,-2) width 45: "            "
          text run at (90,-2) width 49: "     X     "
          text run at (0,13) width 45: "            "
          text run at (45,13) width 42: "           "
      RenderBlock {DIV} at (0,97) size 165x30 [color=#FFFFFF]
        RenderText {#text} at (0,-2) size 139x33
          text run at (0,-2) width 45: "            "
          text run at (45,-2) width 45: "            "
          text run at (90,-2) width 49: "     X     "
          text run at (0,13) width 45: "            "
          text run at (45,13) width 42: "           "
      RenderBlock {DIV} at (0,127) size 165x30 [color=#FFFFFF]
        RenderText {#text} at (0,-2) size 132x33
          text run at (0,-2) width 45: "            "
          text run at (45,-2) width 45: "            "
          text run at (90,-2) width 42: "           "
          text run at (0,13) width 45: "            "
          text run at (45,13) width 49: "          X"
