layer at (0,0) size 800x600
  RenderView at (0,0) size 800x600
layer at (0,0) size 800x94
  RenderBlock {HTML} at (0,0) size 800x94
    RenderBody {BODY} at (8,16) size 784x70
      RenderBlock {P} at (0,0) size 784x20
        RenderText {#text} at (0,0) size 240x19
          text run at (0,0) width 240: "There should be a green block below."
      RenderBlock {DIV} at (0,36) size 160x34 [color=#008000] [bgcolor=#FF0000] [border: (3px solid #000000)]
        RenderBlock {DIV} at (3,3) size 154x28
          RenderText {#text} at (0,-2) size 140x31
            text run at (0,-2) width 51: " rr rr rr r "
            text run at (50,-2) width 47: "r  r  r  r  "
            text run at (96,-2) width 44: "r  r  r  r "
            text run at (0,12) width 51: " rr rr rr r "
            text run at (50,12) width 44: "r  r  r  r "
