layer at (0,0) size 800x600
  RenderView at (0,0) size 800x600
layer at (0,0) size 800x156
  RenderBlock {HTML} at (0,0) size 800x156
    RenderBody {BODY} at (8,16) size 784x132
      RenderBlock {P} at (0,0) size 784x20
        RenderText {#text} at (0,0) size 240x19
          text run at (0,0) width 240: "There should be a green block below."
      RenderBlock {DIV} at (0,36) size 156x96 [color=#008000] [bgcolor=#008000] [border: (3px solid #000000)]
        RenderBlock {DIV} at (3,3) size 150x30
          RenderText {#text} at (0,-2) size 129x33
            text run at (0,-2) width 45: "z          "
            text run at (44,-2) width 45: "z          "
            text run at (88,-2) width 41: "z         "
            text run at (0,13) width 45: "z          "
            text run at (44,13) width 41: "z         "
        RenderBlock {DIV} at (3,33) size 150x30
          RenderText {#text} at (0,-2) size 150x33
            text run at (0,-2) width 71: "zzzzzzzzzz "
            text run at (70,-2) width 42: "           "
            text run at (111,-2) width 39: "          "
            text run at (0,13) width 42: "           "
            text run at (41,13) width 38: "          "
        RenderBlock {DIV} at (3,63) size 150x30
          RenderText {#text} at (0,-2) size 123x33
            text run at (0,-2) width 45: "z          "
            text run at (44,-2) width 42: "           "
            text run at (85,-2) width 38: "          "
            text run at (0,13) width 42: "           "
            text run at (41,13) width 38: "          "
