layer at (0,0) size 800x1906
  RenderView at (0,0) size 800x600
layer at (0,0) size 800x1906
  RenderBlock {HTML} at (0,0) size 800x1906
    RenderBody {BODY} at (8,16) size 784x1874
      RenderBlock {P} at (0,0) size 784x20 [color=#C0C0C0]
        RenderText {#text} at (0,0) size 85x19
          text run at (0,0) width 85: "Dummy text."
      RenderBlock {P} at (0,36) size 784x20 [color=#C0C0C0]
        RenderText {#text} at (0,0) size 85x19
          text run at (0,0) width 85: "Dummy text."
      RenderBlock {P} at (0,72) size 784x20 [color=#C0C0C0]
        RenderText {#text} at (0,0) size 85x19
          text run at (0,0) width 85: "Dummy text."
      RenderBlock {P} at (0,108) size 784x40
        RenderText {#text} at (0,0) size 779x39
          text run at (0,0) width 404: "Scroll this document. A line of blue should remain stuck at the "
          text run at (403,0) width 376: "top of the viewport the whole time, and there should be no"
          text run at (0,20) width 25: "red "
          text run at (24,20) width 182: "below, just a block of green."
      RenderBlock {DIV} at (30,164) size 165x30 [color=#008000] [bgcolor=#008000]
        RenderText {#text} at (0,-2) size 153x33
          text run at (0,-2) width 53: "          X "
          text run at (52,-2) width 53: "          X "
          text run at (104,-2) width 49: "          X"
          text run at (0,13) width 53: "          X "
          text run at (52,13) width 49: "          X"
      RenderBlock {DIV} at (30,194) size 165x30 [color=#008000] [bgcolor=#008000]
        RenderText {#text} at (0,-2) size 153x33
          text run at (0,-2) width 53: "     X      "
          text run at (52,-2) width 53: "     X      "
          text run at (104,-2) width 49: "     X     "
          text run at (0,13) width 53: "     X      "
          text run at (52,13) width 49: "     X     "
      RenderBlock {DIV} at (30,224) size 165x30 [color=#008000] [bgcolor=#008000]
        RenderText {#text} at (0,-2) size 165x33
          text run at (0,-2) width 123: "XXXXXXXXXXX "
          text run at (122,-2) width 43: "           "
          text run at (0,13) width 45: "            "
          text run at (45,13) width 45: "            "
          text run at (90,13) width 42: "           "
      RenderBlock {P} at (0,270) size 784x20 [color=#C0C0C0]
        RenderText {#text} at (0,0) size 85x19
          text run at (0,0) width 85: "Dummy text."
      RenderBlock {P} at (0,306) size 784x20 [color=#C0C0C0]
        RenderText {#text} at (0,0) size 85x19
          text run at (0,0) width 85: "Dummy text."
      RenderBlock {P} at (0,342) size 784x20 [color=#C0C0C0]
        RenderText {#text} at (0,0) size 85x19
          text run at (0,0) width 85: "Dummy text."
      RenderBlock {P} at (0,378) size 784x20 [color=#C0C0C0]
        RenderText {#text} at (0,0) size 85x19
          text run at (0,0) width 85: "Dummy text."
      RenderBlock {P} at (0,414) size 784x20 [color=#C0C0C0]
        RenderText {#text} at (0,0) size 85x19
          text run at (0,0) width 85: "Dummy text."
      RenderBlock {P} at (0,450) size 784x20 [color=#C0C0C0]
        RenderText {#text} at (0,0) size 85x19
          text run at (0,0) width 85: "Dummy text."
      RenderBlock {P} at (0,486) size 784x20 [color=#C0C0C0]
        RenderText {#text} at (0,0) size 85x19
          text run at (0,0) width 85: "Dummy text."
      RenderBlock {P} at (0,522) size 784x20 [color=#C0C0C0]
        RenderText {#text} at (0,0) size 85x19
          text run at (0,0) width 85: "Dummy text."
      RenderBlock {P} at (0,558) size 784x20 [color=#C0C0C0]
        RenderText {#text} at (0,0) size 85x19
          text run at (0,0) width 85: "Dummy text."
      RenderBlock {P} at (0,594) size 784x20 [color=#C0C0C0]
        RenderText {#text} at (0,0) size 85x19
          text run at (0,0) width 85: "Dummy text."
      RenderBlock {P} at (0,630) size 784x20 [color=#C0C0C0]
        RenderText {#text} at (0,0) size 85x19
          text run at (0,0) width 85: "Dummy text."
      RenderBlock {P} at (0,666) size 784x20 [color=#C0C0C0]
        RenderText {#text} at (0,0) size 85x19
          text run at (0,0) width 85: "Dummy text."
      RenderBlock {P} at (0,702) size 784x20 [color=#C0C0C0]
        RenderText {#text} at (0,0) size 85x19
          text run at (0,0) width 85: "Dummy text."
      RenderBlock {P} at (0,738) size 784x20 [color=#C0C0C0]
        RenderText {#text} at (0,0) size 85x19
          text run at (0,0) width 85: "Dummy text."
      RenderBlock {P} at (0,774) size 784x20 [color=#C0C0C0]
        RenderText {#text} at (0,0) size 85x19
          text run at (0,0) width 85: "Dummy text."
      RenderBlock {P} at (0,810) size 784x20 [color=#C0C0C0]
        RenderText {#text} at (0,0) size 85x19
          text run at (0,0) width 85: "Dummy text."
      RenderBlock {P} at (0,846) size 784x20 [color=#C0C0C0]
        RenderText {#text} at (0,0) size 85x19
          text run at (0,0) width 85: "Dummy text."
      RenderBlock {P} at (0,882) size 784x20 [color=#C0C0C0]
        RenderText {#text} at (0,0) size 85x19
          text run at (0,0) width 85: "Dummy text."
      RenderBlock {P} at (0,918) size 784x20 [color=#C0C0C0]
        RenderText {#text} at (0,0) size 85x19
          text run at (0,0) width 85: "Dummy text."
      RenderBlock {P} at (0,954) size 784x20 [color=#C0C0C0]
        RenderText {#text} at (0,0) size 85x19
          text run at (0,0) width 85: "Dummy text."
      RenderBlock {P} at (0,990) size 784x20 [color=#C0C0C0]
        RenderText {#text} at (0,0) size 85x19
          text run at (0,0) width 85: "Dummy text."
      RenderBlock {P} at (0,1026) size 784x20 [color=#C0C0C0]
        RenderText {#text} at (0,0) size 85x19
          text run at (0,0) width 85: "Dummy text."
      RenderBlock {P} at (0,1062) size 784x20 [color=#C0C0C0]
        RenderText {#text} at (0,0) size 85x19
          text run at (0,0) width 85: "Dummy text."
      RenderBlock {P} at (0,1098) size 784x20 [color=#C0C0C0]
        RenderText {#text} at (0,0) size 85x19
          text run at (0,0) width 85: "Dummy text."
      RenderBlock {P} at (0,1134) size 784x20 [color=#C0C0C0]
        RenderText {#text} at (0,0) size 85x19
          text run at (0,0) width 85: "Dummy text."
      RenderBlock {P} at (0,1170) size 784x20 [color=#C0C0C0]
        RenderText {#text} at (0,0) size 85x19
          text run at (0,0) width 85: "Dummy text."
      RenderBlock {P} at (0,1206) size 784x20 [color=#C0C0C0]
        RenderText {#text} at (0,0) size 85x19
          text run at (0,0) width 85: "Dummy text."
      RenderBlock {P} at (0,1242) size 784x20 [color=#C0C0C0]
        RenderText {#text} at (0,0) size 85x19
          text run at (0,0) width 85: "Dummy text."
      RenderBlock {P} at (0,1278) size 784x20 [color=#C0C0C0]
        RenderText {#text} at (0,0) size 85x19
          text run at (0,0) width 85: "Dummy text."
      RenderBlock {P} at (0,1314) size 784x20 [color=#C0C0C0]
        RenderText {#text} at (0,0) size 85x19
          text run at (0,0) width 85: "Dummy text."
      RenderBlock {P} at (0,1350) size 784x20 [color=#C0C0C0]
        RenderText {#text} at (0,0) size 85x19
          text run at (0,0) width 85: "Dummy text."
      RenderBlock {P} at (0,1386) size 784x20 [color=#C0C0C0]
        RenderText {#text} at (0,0) size 85x19
          text run at (0,0) width 85: "Dummy text."
      RenderBlock {P} at (0,1422) size 784x20 [color=#C0C0C0]
        RenderText {#text} at (0,0) size 85x19
          text run at (0,0) width 85: "Dummy text."
      RenderBlock {P} at (0,1458) size 784x20 [color=#C0C0C0]
        RenderText {#text} at (0,0) size 85x19
          text run at (0,0) width 85: "Dummy text."
      RenderBlock {P} at (0,1494) size 784x20 [color=#C0C0C0]
        RenderText {#text} at (0,0) size 85x19
          text run at (0,0) width 85: "Dummy text."
      RenderBlock {P} at (0,1530) size 784x20 [color=#C0C0C0]
        RenderText {#text} at (0,0) size 85x19
          text run at (0,0) width 85: "Dummy text."
      RenderBlock {P} at (0,1566) size 784x20 [color=#C0C0C0]
        RenderText {#text} at (0,0) size 85x19
          text run at (0,0) width 85: "Dummy text."
      RenderBlock {P} at (0,1602) size 784x20 [color=#C0C0C0]
        RenderText {#text} at (0,0) size 85x19
          text run at (0,0) width 85: "Dummy text."
      RenderBlock {P} at (0,1638) size 784x20 [color=#C0C0C0]
        RenderText {#text} at (0,0) size 85x19
          text run at (0,0) width 85: "Dummy text."
      RenderBlock {P} at (0,1674) size 784x20 [color=#C0C0C0]
        RenderText {#text} at (0,0) size 85x19
          text run at (0,0) width 85: "Dummy text."
      RenderBlock {P} at (0,1710) size 784x20 [color=#C0C0C0]
        RenderText {#text} at (0,0) size 85x19
          text run at (0,0) width 85: "Dummy text."
      RenderBlock {P} at (0,1746) size 784x20 [color=#C0C0C0]
        RenderText {#text} at (0,0) size 85x19
          text run at (0,0) width 85: "Dummy text."
      RenderBlock {P} at (0,1782) size 784x20 [color=#C0C0C0]
        RenderText {#text} at (0,0) size 85x19
          text run at (0,0) width 85: "Dummy text."
      RenderBlock {P} at (0,1818) size 784x20 [color=#C0C0C0]
        RenderText {#text} at (0,0) size 85x19
          text run at (0,0) width 85: "Dummy text."
      RenderBlock {P} at (0,1854) size 784x20 [color=#C0C0C0]
        RenderText {#text} at (0,0) size 85x19
          text run at (0,0) width 85: "Dummy text."
