layer at (0,0) size 800x600
  RenderView at (0,0) size 800x600
layer at (0,0) size 800x172
  RenderBlock {HTML} at (0,0) size 800x172
    RenderBody {BODY} at (0,16) size 800x156
      RenderBlock {P} at (0,0) size 800x20
        RenderText {#text} at (0,0) size 233x19
          text run at (0,0) width 233: "There should be no red on this page."
      RenderBlock {DIV} at (0,36) size 165x30 [color=#FFFFFF]
        RenderText {#text} at (0,-2) size 132x33
          text run at (0,-2) width 45: "            "
          text run at (45,-2) width 45: "            "
          text run at (90,-2) width 42: "           "
          text run at (0,13) width 45: "            "
          text run at (45,13) width 49: "          X"
      RenderBlock {DIV} at (0,66) size 165x30 [color=#FFFFFF]
        RenderText {#text} at (0,-2) size 139x33
          text run at (0,-2) width 45: "            "
          text run at (45,-2) width 45: "            "
          text run at (90,-2) width 49: "X          "
          text run at (0,13) width 45: "            "
          text run at (45,13) width 42: "           "
      RenderBlock {DIV} at (0,96) size 165x30 [color=#FFFFFF]
        RenderText {#text} at (0,-2) size 139x33
          text run at (0,-2) width 45: "            "
          text run at (45,-2) width 53: "        X   "
          text run at (97,-2) width 42: "           "
          text run at (0,13) width 45: "            "
          text run at (45,13) width 42: "           "
      RenderBlock {DIV} at (0,126) size 165x30 [color=#FFFFFF]
        RenderText {#text} at (0,-2) size 139x33
          text run at (0,-2) width 45: "            "
          text run at (45,-2) width 45: "            "
          text run at (90,-2) width 49: "  X        "
          text run at (0,13) width 45: "            "
          text run at (45,13) width 42: "           "
