layer at (0,0) size 800x600
  RenderView at (0,0) size 800x600
layer at (0,0) size 800x108
  RenderBlock {HTML} at (0,0) size 800x108
    RenderBody {BODY} at (8,16) size 784x84
      RenderBlock {P} at (0,0) size 784x20
        RenderText {#text} at (0,0) size 240x19
          text run at (0,0) width 240: "There should be a green block below."
      RenderBlock {DIV} at (0,36) size 160x48 [color=#008000] [bgcolor=#FF0000] [border: (3px solid #000000)]
        RenderBlock {DIV} at (3,3) size 154x42
          RenderText {#text} at (0,-2) size 147x45
            text run at (0,-2) width 74: "xxxx x xxxx "
            text run at (73,-2) width 71: "xxxx x xxxx"
            text run at (0,12) width 77: "xxxxx xxxxx "
            text run at (77,12) width 70: "xxxx x xxxx"
            text run at (0,26) width 70: "xxxx x xxxx"
