layer at (0,0) size 800x600
  RenderView at (0,0) size 800x600
layer at (0,0) size 800x231
  RenderBlock {HTML} at (0,0) size 800x231
    RenderBody {BODY} at (8,16) size 784x207
      RenderBlock {P} at (0,0) size 784x20
        RenderText {#text} at (0,0) size 240x19
          text run at (0,0) width 240: "There should be a green block below."
      RenderBlock {DIV} at (0,36) size 156x171 [color=#008000] [bgcolor=#FF0000] [border: (3px solid #000000)]
        RenderBlock {DIV} at (3,3) size 150x45
          RenderText {#text} at (0,-2) size 147x48
            text run at (0,-2) width 75: " xxxxxxxxx "
            text run at (75,-2) width 72: " xxxxxxxxx"
            text run at (0,13) width 75: " xxxxxxxxx "
            text run at (75,13) width 72: " xxxxxxxxx"
            text run at (0,28) width 72: " xxxxxxxxx"
        RenderBlock {DIV} at (3,48) size 150x60
          RenderText {#text} at (0,-2) size 117x63
            text run at (0,-2) width 42: "           "
            text run at (41,-2) width 76: "xxxxxxxxxx"
            text run at (0,13) width 75: "xxxxxxxxxx"
            text run at (0,28) width 75: "xxxxxxxxxx"
            text run at (0,43) width 75: "xxxxxxxxxx"
        RenderBlock {DIV} at (3,108) size 150x60
          RenderText {#text} at (0,-2) size 150x63
            text run at (0,-2) width 75: " xxxxxxxxx "
            text run at (75,-2) width 75: "xxxxxxxxxx"
            text run at (0,13) width 75: "xxxxxxxxxx"
            text run at (0,28) width 75: "xxxxxxxxxx"
            text run at (0,43) width 75: "xxxxxxxxxx"
