layer at (0,0) size 800x600
  RenderView at (0,0) size 800x600
layer at (0,0) size 800x142
  RenderBlock {HTML} at (0,0) size 800x142
    RenderBody {BODY} at (8,16) size 784x118
      RenderBlock {P} at (0,0) size 784x20
        RenderText {#text} at (0,0) size 480x19
          text run at (0,0) width 480: "There should be a solid single uninterrupted smooth column of blue below."
      RenderBlock {DIV} at (0,36) size 784x82 [color=#000080]
        RenderBlock {DIV} at (0,0) size 784x32
          RenderText {#text} at (0,-2) size 16x36
            text run at (0,-2) width 16: "x"
        RenderBlock {DIV} at (0,32) size 784x18
          RenderText {#text} at (0,-2) size 9x21
            text run at (0,-2) width 9: "x"
        RenderBlock {DIV} at (0,50) size 784x32
          RenderText {#text} at (0,-2) size 16x36
            text run at (0,-2) width 16: "x"
