layer at (0,0) size 800x600
  RenderView at (0,0) size 800x600
layer at (0,0) size 800x156
  RenderBlock {HTML} at (0,0) size 800x156
    RenderBody {BODY} at (8,16) size 784x132
      RenderBlock {P} at (0,0) size 784x20
        RenderText {#text} at (0,0) size 282x19
          text run at (0,0) width 282: "There should be a single green block below."
      RenderBlock {DIV} at (0,36) size 231x96 [color=#008000] [bgcolor=#FF0000] [border: (3px solid #000000)]
        RenderBlock {P} at (3,3) size 225x45
          RenderText {#text} at (0,-2) size 53x48
            text run at (0,-2) width 42: "x  x   x"
            text run at (0,13) width 53: " x    x   x"
            text run at (0,28) width 42: "    x   x"
        RenderBlock {P} at (3,48) size 225x15
          RenderText {#text} at (0,-2) size 87x18
            text run at (0,-2) width 12: "x "
            text run at (11,-2) width 12: "x "
            text run at (22,-2) width 12: "x "
            text run at (33,-2) width 12: "x "
            text run at (45,-2) width 12: "x "
            text run at (56,-2) width 12: "x "
            text run at (67,-2) width 12: "x "
            text run at (78,-2) width 9: "x"
        RenderBlock {P} at (3,63) size 225x30
          RenderText {#text} at (0,-2) size 42x33
            text run at (0,-2) width 42: "x  x   x"
            text run at (41,-2) width 1: " "
            text run at (0,13) width 27: " x    "
          RenderInline {SPAN} at (0,0) size 42x18
            RenderText {#text} at (26,13) size 42x18
              text run at (26,13) width 12: "x "
              text run at (37,13) width 12: "x "
              text run at (48,13) width 12: "x "
              text run at (60,13) width 8: "x"
