layer at (0,0) size 800x600
  RenderView at (0,0) size 800x600
layer at (0,0) size 800x142
  RenderBlock {HTML} at (0,0) size 800x142
    RenderBody {BODY} at (8,8) size 784x126
      RenderBlock {P} at (0,0) size 784x20
        RenderText {#text} at (0,0) size 228x19
          text run at (0,0) width 228: "There should be a green box below."
      RenderBlock {DIV} at (0,20) size 326x106 [color=#008000] [bgcolor=#FF0000] [border: (3px solid #000000)]
        RenderBlock {P} at (3,3) size 320x20
          RenderText {#text} at (0,-1) size 94x12
            text run at (0,-1) width 94: "Xx xx x. (x.x. XX) x x "
          RenderInline {SPAN} at (0,0) size 13x12
            RenderText {#text} at (93,-1) size 13x12
              text run at (93,-1) width 13: "Xx"
          RenderText {#text} at (105,-1) size 19x12
            text run at (105,-1) width 19: "xxx "
          RenderInline {SPAN} at (0,0) size 16x12
            RenderText {#text} at (123,-1) size 16x12
              text run at (123,-1) width 16: "xxx"
          RenderText {#text} at (138,-1) size 91x12
            text run at (138,-1) width 3: " "
            text run at (140,-1) width 89: "Pp pp p. (p.p. PP) p p "
          RenderInline {SPAN} at (0,0) size 12x12
            RenderText {#text} at (228,-1) size 12x12
              text run at (228,-1) width 12: "Pp"
          RenderText {#text} at (239,-1) size 18x12
            text run at (239,-1) width 18: "ppp "
          RenderInline {SPAN} at (0,0) size 16x12
            RenderText {#text} at (256,-1) size 16x12
              text run at (256,-1) width 16: "ppp"
          RenderText {#text} at (271,-1) size 306x22
            text run at (271,-1) width 4: " "
            text run at (274,-1) width 32: "\x{C9}\x{E9} \x{E9}\x{E9} \x{E9}."
            text run at (0,9) width 52: "(\x{E9}.\x{E9}. \x{C9}\x{C9}) \x{E9} \x{E9} "
          RenderInline {SPAN} at (0,0) size 12x12
            RenderText {#text} at (51,9) size 12x12
              text run at (51,9) width 12: "\x{C9}\x{E9}"
          RenderText {#text} at (62,9) size 16x12
            text run at (62,9) width 16: "\x{E9}\x{E9}\x{E9} "
          RenderInline {SPAN} at (0,0) size 15x12
            RenderText {#text} at (77,9) size 15x12
              text run at (77,9) width 15: "\x{E9}\x{E9}\x{E9}"
          RenderText {#text} at (0,0) size 0x0
        RenderBlock {P} at (3,23) size 320x20
          RenderText {#text} at (0,-1) size 94x12
            text run at (0,-1) width 94: "Xx xx x. (x.x. XX) x x "
          RenderInline {SPAN} at (0,0) size 13x12
            RenderText {#text} at (93,-1) size 13x12
              text run at (93,-1) width 13: "Xx"
          RenderText {#text} at (105,-1) size 19x12
            text run at (105,-1) width 19: "xxx "
          RenderInline {SPAN} at (0,0) size 16x12
            RenderText {#text} at (123,-1) size 16x12
              text run at (123,-1) width 16: "xxx"
          RenderText {#text} at (138,-1) size 91x12
            text run at (138,-1) width 3: " "
            text run at (140,-1) width 89: "Pp pp p. (p.p. PP) p p "
          RenderInline {SPAN} at (0,0) size 12x12
            RenderText {#text} at (228,-1) size 12x12
              text run at (228,-1) width 12: "Pp"
          RenderText {#text} at (239,-1) size 18x12
            text run at (239,-1) width 18: "ppp "
          RenderInline {SPAN} at (0,0) size 16x12
            RenderText {#text} at (256,-1) size 16x12
              text run at (256,-1) width 16: "ppp"
          RenderText {#text} at (271,-1) size 306x22
            text run at (271,-1) width 4: " "
            text run at (274,-1) width 32: "\x{C9}\x{E9} \x{E9}\x{E9} \x{E9}."
            text run at (0,9) width 52: "(\x{E9}.\x{E9}. \x{C9}\x{C9}) \x{E9} \x{E9} "
          RenderInline {SPAN} at (0,0) size 12x12
            RenderText {#text} at (51,9) size 12x12
              text run at (51,9) width 12: "\x{C9}\x{E9}"
          RenderText {#text} at (62,9) size 16x12
            text run at (62,9) width 16: "\x{E9}\x{E9}\x{E9} "
          RenderInline {SPAN} at (0,0) size 15x12
            RenderText {#text} at (77,9) size 15x12
              text run at (77,9) width 15: "\x{E9}\x{E9}\x{E9}"
          RenderText {#text} at (0,0) size 0x0
        RenderBlock {P} at (3,43) size 320x20
          RenderText {#text} at (0,-1) size 105x12
            text run at (0,-1) width 105: "Xx Xx X. (X.x. XX) X X "
          RenderInline {SPAN} at (0,0) size 13x12
            RenderText {#text} at (104,-1) size 13x12
              text run at (104,-1) width 13: "Xx"
          RenderText {#text} at (116,-1) size 19x12
            text run at (116,-1) width 19: "xxx "
          RenderInline {SPAN} at (0,0) size 16x12
            RenderText {#text} at (134,-1) size 16x12
              text run at (134,-1) width 16: "xxx"
          RenderText {#text} at (149,-1) size 91x12
            text run at (149,-1) width 3: " "
            text run at (151,-1) width 89: "Pp Pp P. (P.p. PP) P P "
          RenderInline {SPAN} at (0,0) size 12x12
            RenderText {#text} at (239,-1) size 12x12
              text run at (239,-1) width 12: "Pp"
          RenderText {#text} at (250,-1) size 18x12
            text run at (250,-1) width 18: "ppp "
          RenderInline {SPAN} at (0,0) size 16x12
            RenderText {#text} at (267,-1) size 16x12
              text run at (267,-1) width 16: "ppp"
          RenderText {#text} at (282,-1) size 310x22
            text run at (282,-1) width 4: " "
            text run at (285,-1) width 25: "\x{C9}\x{E9} \x{C9}\x{E9}"
            text run at (0,9) width 68: "\x{C9}. (\x{C9}.\x{E9}. \x{C9}\x{C9}) \x{C9} \x{C9} "
          RenderInline {SPAN} at (0,0) size 12x12
            RenderText {#text} at (67,9) size 12x12
              text run at (67,9) width 12: "\x{C9}\x{E9}"
          RenderText {#text} at (78,9) size 17x12
            text run at (78,9) width 17: "\x{E9}\x{E9}\x{E9} "
          RenderInline {SPAN} at (0,0) size 14x12
            RenderText {#text} at (94,9) size 14x12
              text run at (94,9) width 14: "\x{E9}\x{E9}\x{E9}"
          RenderText {#text} at (0,0) size 0x0
        RenderBlock {P} at (3,63) size 320x20
          RenderText {#text} at (0,-1) size 112x12
            text run at (0,-1) width 112: "XX XX X. (X.X. XX) X X "
          RenderInline {SPAN} at (0,0) size 13x12
            RenderText {#text} at (111,-1) size 13x12
              text run at (111,-1) width 13: "Xx"
          RenderText {#text} at (123,-1) size 25x12
            text run at (123,-1) width 25: "XXX "
          RenderInline {SPAN} at (0,0) size 16x12
            RenderText {#text} at (147,-1) size 16x12
              text run at (147,-1) width 16: "xxx"
          RenderText {#text} at (162,-1) size 92x12
            text run at (162,-1) width 3: " "
            text run at (164,-1) width 90: "PP PP P. (P.P. PP) P P "
          RenderInline {SPAN} at (0,0) size 11x12
            RenderText {#text} at (253,-1) size 11x12
              text run at (253,-1) width 11: "Pp"
          RenderText {#text} at (263,-1) size 20x12
            text run at (263,-1) width 20: "PPP "
          RenderInline {SPAN} at (0,0) size 16x12
            RenderText {#text} at (282,-1) size 16x12
              text run at (282,-1) width 16: "ppp"
          RenderText {#text} at (297,-1) size 313x22
            text run at (297,-1) width 3: " "
            text run at (299,-1) width 14: "\x{C9}\x{C9}"
            text run at (0,9) width 85: "\x{C9}\x{C9} \x{C9}. (\x{C9}.\x{C9}. \x{C9}\x{C9}) \x{C9} \x{C9} "
          RenderInline {SPAN} at (0,0) size 11x12
            RenderText {#text} at (84,9) size 11x12
              text run at (84,9) width 11: "\x{C9}\x{E9}"
          RenderText {#text} at (94,9) size 22x12
            text run at (94,9) width 22: "\x{C9}\x{C9}\x{C9} "
          RenderInline {SPAN} at (0,0) size 14x12
            RenderText {#text} at (115,9) size 14x12
              text run at (115,9) width 14: "\x{E9}\x{E9}\x{E9}"
          RenderText {#text} at (0,0) size 0x0
        RenderBlock {P} at (3,83) size 320x20
          RenderText {#text} at (0,-1) size 87x12
            text run at (0,-1) width 87: "xx xx x. (x.x. xx) x x "
          RenderInline {SPAN} at (0,0) size 13x12
            RenderText {#text} at (86,-1) size 13x12
              text run at (86,-1) width 13: "Xx"
          RenderText {#text} at (98,-1) size 19x12
            text run at (98,-1) width 19: "xxx "
          RenderInline {SPAN} at (0,0) size 16x12
            RenderText {#text} at (116,-1) size 16x12
              text run at (116,-1) width 16: "xxx"
          RenderText {#text} at (131,-1) size 90x12
            text run at (131,-1) width 3: " "
            text run at (133,-1) width 88: "pp pp p. (p.p. pp) p p "
          RenderInline {SPAN} at (0,0) size 12x12
            RenderText {#text} at (220,-1) size 12x12
              text run at (220,-1) width 12: "Pp"
          RenderText {#text} at (231,-1) size 18x12
            text run at (231,-1) width 18: "ppp "
          RenderInline {SPAN} at (0,0) size 16x12
            RenderText {#text} at (248,-1) size 16x12
              text run at (248,-1) width 16: "ppp"
          RenderText {#text} at (263,-1) size 316x22
            text run at (263,-1) width 4: " "
            text run at (266,-1) width 50: "\x{E9}\x{E9} \x{E9}\x{E9} \x{E9}. (\x{E9}.\x{E9}."
            text run at (0,9) width 29: "\x{E9}\x{E9}) \x{E9} \x{E9} "
          RenderInline {SPAN} at (0,0) size 12x12
            RenderText {#text} at (28,9) size 12x12
              text run at (28,9) width 12: "\x{C9}\x{E9}"
          RenderText {#text} at (39,9) size 16x12
            text run at (39,9) width 16: "\x{E9}\x{E9}\x{E9} "
          RenderInline {SPAN} at (0,0) size 15x12
            RenderText {#text} at (54,9) size 15x12
              text run at (54,9) width 15: "\x{E9}\x{E9}\x{E9}"
          RenderText {#text} at (0,0) size 0x0
