layer at (0,0) size 800x600
  RenderView at (0,0) size 800x600
layer at (0,0) size 800x600 layerType: background only
layer at (0,0) size 800x540 scrollHeight 558
  RenderBlock (positioned) zI: -1 {DIV} at (0,0) size 800x540 [color=#00FF00]
    RenderText zI: -1 {#text} at (0,5) size 608x36
      text run at (0,5) width 608: "xxxxxxxxxxxxxxxxxxxxxxxxxxxxxxxxxxxxxx"
    RenderBR {BR} at (608,34) size 0x0
    RenderText zI: -1 {#text} at (0,48) size 608x36
      text run at (0,48) width 608: "xxxxxxxxxxxxxxxxxxxxxxxxxxxxxxxxxxxxxx"
    RenderBR {BR} at (608,77) size 0x0
    RenderText zI: -1 {#text} at (0,91) size 608x36
      text run at (0,91) width 608: "xxxxxxxxxxxxxxxxxxxxxxxxxxxxxxxxxxxxxx"
    RenderBR {BR} at (608,120) size 0x0
    RenderText zI: -1 {#text} at (0,134) size 608x36
      text run at (0,134) width 608: "xxxxxxxxxxxxxxxxxxxxxxxxxxxxxxxxxxxxxx"
    RenderBR {BR} at (608,163) size 0x0
    RenderText zI: -1 {#text} at (0,177) size 608x36
      text run at (0,177) width 608: "xxxxxxxxxxxxxxxxxxxxxxxxxxxxxxxxxxxxxx"
    RenderBR {BR} at (608,206) size 0x0
    RenderText zI: -1 {#text} at (0,220) size 608x36
      text run at (0,220) width 608: "xxxxxxxxxxxxxxxxxxxxxxxxxxxxxxxxxxxxxx"
    RenderBR {BR} at (608,249) size 0x0
    RenderText zI: -1 {#text} at (0,263) size 608x36
      text run at (0,263) width 608: "xxxxxxxxxxxxxxxxxxxxxxxxxxxxxxxxxxxxxx"
    RenderBR {BR} at (608,292) size 0x0
    RenderText zI: -1 {#text} at (0,306) size 608x36
      text run at (0,306) width 608: "xxxxxxxxxxxxxxxxxxxxxxxxxxxxxxxxxxxxxx"
    RenderBR {BR} at (608,335) size 0x0
    RenderText zI: -1 {#text} at (0,349) size 608x36
      text run at (0,349) width 608: "xxxxxxxxxxxxxxxxxxxxxxxxxxxxxxxxxxxxxx"
    RenderBR {BR} at (608,378) size 0x0
    RenderText zI: -1 {#text} at (0,392) size 608x36
      text run at (0,392) width 608: "xxxxxxxxxxxxxxxxxxxxxxxxxxxxxxxxxxxxxx"
    RenderBR {BR} at (608,421) size 0x0
    RenderText zI: -1 {#text} at (0,435) size 608x36
      text run at (0,435) width 608: "xxxxxxxxxxxxxxxxxxxxxxxxxxxxxxxxxxxxxx"
    RenderBR {BR} at (608,464) size 0x0
    RenderText zI: -1 {#text} at (0,478) size 608x36
      text run at (0,478) width 608: "xxxxxxxxxxxxxxxxxxxxxxxxxxxxxxxxxxxxxx"
    RenderBR {BR} at (608,507) size 0x0
    RenderText zI: -1 {#text} at (0,521) size 608x36
      text run at (0,521) width 608: "xxxxxxxxxxxxxxxxxxxxxxxxxxxxxxxxxxxxxx"
    RenderBR {BR} at (608,550) size 0x0
layer at (0,0) size 800x600 layerType: foreground only
  RenderBlock {HTML} at (0,0) size 800x600
    RenderBody {BODY} at (0,0) size 800x600
layer at (0,0) size 800x540
  RenderBlock (relative positioned) {DIV} at (0,0) size 800x540
layer at (0,0) size 800x540
  RenderBlock {DIV} at (0,0) size 800x540
    RenderMultiColumnSet at (20,20) size 760x500
layer at (20,20) size 362x991 backgroundClip at (0,0) size 800x600 clip at (0,0) size 800x600 outlineClip at (0,0) size 800x600
  RenderMultiColumnFlowThread at (20,20) size 362x991
    RenderBlock {DIV} at (0,0) size 362x406
      RenderText {#text} at (0,42) size 359x105
        text run at (0,42) width 358: "All of this text even though it's smaller should be on the"
        text run at (0,85) width 359: "36px grid. The grid should reset at the top of the second"
        text run at (0,128) width 52: "column."
      RenderBR {BR} at (51,143) size 1x0
      RenderText {#text} at (0,171) size 359x105
        text run at (0,171) width 358: "All of this text even though it's smaller should be on the"
        text run at (0,214) width 359: "36px grid. The grid should reset at the top of the second"
        text run at (0,257) width 52: "column."
      RenderBR {BR} at (51,272) size 1x0
      RenderText {#text} at (0,300) size 359x105
        text run at (0,300) width 358: "All of this text even though it's smaller should be on the"
        text run at (0,343) width 359: "36px grid. The grid should reset at the top of the second"
        text run at (0,386) width 52: "column."
      RenderBR {BR} at (51,401) size 1x0
    RenderBlock {DIV} at (0,406) size 362x545
      RenderText {#text} at (0,16) size 360x184
        text run at (0,16) width 297: "All of this text even though it's"
        text run at (0,59) width 340: "smaller should be on the 36px grid."
        text run at (0,129) width 360: "The grid should reset at the top of the"
        text run at (0,172) width 151: "second column."
      RenderBR {BR} at (150,194) size 1x0
      RenderText {#text} at (0,215) size 360x157
        text run at (0,215) width 297: "All of this text even though it's"
        text run at (0,258) width 340: "smaller should be on the 36px grid."
        text run at (0,301) width 360: "The grid should reset at the top of the"
        text run at (0,344) width 151: "second column."
      RenderBR {BR} at (150,366) size 1x0
      RenderText {#text} at (0,387) size 360x157
        text run at (0,387) width 297: "All of this text even though it's"
        text run at (0,430) width 340: "smaller should be on the 36px grid."
        text run at (0,473) width 360: "The grid should reset at the top of the"
        text run at (0,516) width 151: "second column."
      RenderBR {BR} at (150,538) size 1x0
    RenderBlock {DIV} at (0,951) size 362x40
      RenderText {#text} at (0,27) size 268x12
        text run at (0,27) width 268: "All of this text even though it's smaller should be on the 36px grid."
