layer at (0,0) size 800x600
  RenderView at (0,0) size 800x600
layer at (0,0) size 800x257
  RenderBlock {HTML} at (0,0) size 800x257
    RenderBody {BODY} at (8,8) size 784x201
layer at (8,8) size 784x201
  RenderBlock (relative positioned) {DIV} at (0,0) size 784x201 [color=#008000]
    RenderBlock (anonymous) at (0,0) size 784x30
      RenderText {#text} at (0,1) size 158x28
        text run at (0,1) width 158: "X X X X X X X"
    RenderBlock {DIV} at (37,67) size 710x37 [border: (3px solid #000000)]
      RenderText {#text} at (22,4) size 134x28
        text run at (22,4) width 134: "X X X X X X"
    RenderBlock (floating) {DIV} at (0,141) size 78x78 [bgcolor=#FFFF00]
    RenderBlock (anonymous) at (0,141) size 784x60
      RenderText {#text} at (88,1) size 111x28
        text run at (88,1) width 111: "X X X X X"
      RenderBR {BR} at (198,1) size 1x28
      RenderBlock (floating) {DIV} at (88,30) size 78x78 [bgcolor=#800080]
      RenderText {#text} at (176,31) size 111x28
        text run at (176,31) width 111: "X X X X X"
layer at (181,308) size 300x30
  RenderBlock (positioned) {DIV} at (172,300) size 301x30 [bgcolor=#DDDDDD]
    RenderText {#text} at (3,1) size 65x28
      text run at (3,1) width 65: "X X X"
