layer at (0,0) size 800x600
  RenderView at (0,0) size 800x600
layer at (0,0) size 800x272
  RenderBlock {HTML} at (0,0) size 800x272
    RenderBody {BODY} at (8,8) size 784x216
layer at (8,8) size 784x216
  RenderBlock (relative positioned) {DIV} at (0,0) size 784x216 [color=#008000]
    RenderBlock (anonymous) at (0,0) size 784x30
      RenderText {#text} at (612,1) size 158x28
        text run at (612,1) width 158: "X X X X X X X"
    RenderBlock {DIV} at (45,75) size 694x36 [border: (3px solid #000000)]
      RenderText {#text} at (548,4) size 134x28
        text run at (548,4) width 134: "X X X X X X"
    RenderBlock (floating) {DIV} at (692,156) size 78x78 [bgcolor=#FFFF00]
    RenderBlock (anonymous) at (0,156) size 784x60
      RenderText {#text} at (571,1) size 111x28
        text run at (571,1) width 111: "X X X X X"
      RenderBR {BR} at (682,1) size 0x28
      RenderBlock (floating) {DIV} at (604,30) size 78x78 [bgcolor=#800080]
      RenderText {#text} at (483,31) size 111x28
        text run at (483,31) width 111: "X X X X X"
layer at (342,308) size 300x30
  RenderBlock (positioned) {DIV} at (334,300) size 300x30 [bgcolor=#DDDDDD]
    RenderText {#text} at (218,1) size 64x28
      text run at (218,1) width 64: "X X X"
