layer at (0,0) size 800x600
  RenderView at (0,0) size 800x600
layer at (0,0) size 800x356
  RenderBlock {HTML} at (0,0) size 800x356
    RenderBody {BODY} at (8,16) size 784x324
      RenderBlock {P} at (0,0) size 784x20
        RenderText {#text} at (0,0) size 332x19
          text run at (0,0) width 332: "This should be an unobscured fuzzy green polygon:"
      RenderBlock {DIV} at (0,36) size 784x118
        RenderBlock (anonymous) at (0,0) size 784x59
        RenderBlock (anonymous) at (0,59) size 784x59
          RenderText {#text} at (0,0) size 0x0
      RenderBlock {P} at (0,170) size 784x20
        RenderText {#text} at (0,0) size 161x19
          text run at (0,0) width 161: "This is just for reference:"
      RenderBlock {DIV} at (0,206) size 784x118
        RenderBlock (anonymous) at (0,0) size 784x59
          RenderInline {SPAN} at (0,0) size 48x56 [bgcolor=#FFFFFF]
            RenderText {#text} at (0,1) size 13x56
              text run at (0,1) width 13: " "
            RenderInline {SPAN} at (0,0) size 36x56
              RenderText {#text} at (22,1) size 26x56
                text run at (22,1) width 13: " "
                text run at (35,1) width 13: " "
        RenderBlock (anonymous) at (0,59) size 784x0
          RenderBlock {DIV} at (0,0) size 784x0
        RenderBlock (anonymous) at (0,59) size 784x59
          RenderInline {SPAN} at (0,0) size 23x56 [bgcolor=#FFFFFF]
            RenderInline {SPAN} at (0,0) size 23x56
              RenderText {#text} at (0,1) size 13x56
                text run at (0,1) width 13: " "
            RenderText {#text} at (0,0) size 0x0
          RenderText {#text} at (0,0) size 0x0
layer at (8,52) size 48x56
  RenderInline (relative positioned) {SPAN} at (0,0) size 48x56 [bgcolor=#FFFFFF]
    RenderText {#text} at (0,1) size 13x56
      text run at (0,1) width 13: " "
    RenderInline {SPAN} at (0,0) size 36x56
      RenderText {#text} at (22,1) size 26x56
        text run at (22,1) width 13: " "
        text run at (35,1) width 13: " "
layer at (8,111) size 784x0
  RenderBlock (anonymous) at (0,59) size 784x0
    RenderBlock {DIV} at (0,0) size 784x0
layer at (8,111) size 23x56
  RenderInline (relative positioned) {SPAN} at (0,0) size 23x56 [bgcolor=#FFFFFF]
    RenderInline {SPAN} at (0,0) size 23x56
      RenderText {#text} at (0,1) size 13x56
        text run at (0,1) width 13: " "
    RenderText {#text} at (0,0) size 0x0
