layer at (0,0) size 800x600
  RenderView at (0,0) size 800x600
layer at (0,0) size 800x75
  RenderBlock {HTML} at (0,0) size 800x75
    RenderBody {BODY} at (8,8) size 784x59
      RenderBlock {DIV} at (0,0) size 200x59
        RenderBlock {SPAN} at (0,25) size 0x0
        RenderText {#text} at (0,10) size 228x48
          text run at (0,10) width 200: "\x{3042}"
          text run at (0,39) width 228: "aaaaaaaaaaaaaaaaaaaaaaaaaaaaaaaa"
