layer at (0,0) size 800x600
  RenderView at (0,0) size 800x600
layer at (0,0) size 800x214
  RenderBlock {HTML} at (0,0) size 800x214
    RenderBody {BODY} at (8,16) size 784x190
      RenderBlock {P} at (0,0) size 784x20
        RenderText {#text} at (0,0) size 472x19
          text run at (0,0) width 414: "All the following should look the same (and all should look like "
          text run at (413,0) width 59: "the first)."
      RenderTable {TABLE} at (0,36) size 346x154
        RenderTableSection {TBODY} at (0,0) size 346x154
          RenderTableRow {TR} at (0,2) size 346x150
            RenderTableCell {TD} at (2,2) size 41x150 [bgcolor=#FF0000] [border: (3px solid #000000)] [r=0 c=0 rs=1 cs=1]
              RenderBlock {DIV} at (3,3) size 35x144 [color=#FFFF00] [bgcolor=#FFA500]
                RenderBlock {DIV} at (0,0) size 35x48 [bgcolor=#00FF00]
                  RenderText {#text} at (0,-3) size 35x54
                    text run at (0,-3) width 35: "A"
                RenderBlock {DIV} at (0,96) size 35x48 [bgcolor=#00FFFF]
                  RenderText {#text} at (0,-3) size 33x54
                    text run at (0,-3) width 33: "C"
            RenderTableCell {TD} at (45,2) size 41x150 [bgcolor=#FF0000] [border: (3px solid #000000)] [r=0 c=1 rs=1 cs=1]
              RenderBlock {DIV} at (3,3) size 35x144 [color=#FFFF00] [bgcolor=#FFA500]
                RenderBlock {DIV} at (0,0) size 35x48 [bgcolor=#00FF00]
                  RenderText {#text} at (0,-3) size 35x54
                    text run at (0,-3) width 35: "A"
                RenderBlock {DIV} at (0,96) size 35x0
                RenderBlock {DIV} at (0,96) size 35x48 [bgcolor=#00FFFF]
                  RenderText {#text} at (0,-3) size 33x54
                    text run at (0,-3) width 33: "C"
            RenderTableCell {TD} at (88,2) size 41x150 [bgcolor=#FF0000] [border: (3px solid #000000)] [r=0 c=2 rs=1 cs=1]
              RenderBlock {DIV} at (3,3) size 35x144 [color=#FFFF00] [bgcolor=#FFA500]
                RenderBlock {DIV} at (0,0) size 35x48 [bgcolor=#00FF00]
                  RenderText {#text} at (0,-3) size 35x54
                    text run at (0,-3) width 35: "A"
                RenderBlock {DIV} at (0,96) size 35x0
                RenderBlock {DIV} at (0,96) size 35x48 [bgcolor=#00FFFF]
                  RenderText {#text} at (0,-3) size 33x54
                    text run at (0,-3) width 33: "C"
            RenderTableCell {TD} at (131,2) size 41x150 [bgcolor=#FF0000] [border: (3px solid #000000)] [r=0 c=3 rs=1 cs=1]
              RenderBlock {DIV} at (3,3) size 35x144 [color=#FFFF00] [bgcolor=#FFA500]
                RenderBlock {DIV} at (0,0) size 35x48 [bgcolor=#00FF00]
                  RenderText {#text} at (0,-3) size 35x54
                    text run at (0,-3) width 35: "A"
                RenderBlock {DIV} at (0,96) size 35x0
                RenderBlock {DIV} at (0,96) size 35x48 [bgcolor=#00FFFF]
                  RenderText {#text} at (0,-3) size 33x54
                    text run at (0,-3) width 33: "C"
            RenderTableCell {TD} at (174,2) size 41x150 [bgcolor=#FF0000] [border: (3px solid #000000)] [r=0 c=4 rs=1 cs=1]
              RenderBlock {DIV} at (3,3) size 35x144 [color=#FFFF00] [bgcolor=#FFA500]
                RenderBlock {DIV} at (0,0) size 35x48 [bgcolor=#00FF00]
                  RenderText {#text} at (0,-3) size 35x54
                    text run at (0,-3) width 35: "A"
                RenderBlock {DIV} at (0,96) size 35x0
                RenderBlock {DIV} at (0,96) size 35x48 [bgcolor=#00FFFF]
                  RenderText {#text} at (0,-3) size 33x54
                    text run at (0,-3) width 33: "C"
            RenderTableCell {TD} at (217,2) size 41x150 [bgcolor=#FF0000] [border: (3px solid #000000)] [r=0 c=5 rs=1 cs=1]
              RenderBlock {DIV} at (3,3) size 35x144 [color=#FFFF00] [bgcolor=#FFA500]
                RenderBlock {DIV} at (0,0) size 35x48 [bgcolor=#00FF00]
                  RenderText {#text} at (0,-3) size 35x54
                    text run at (0,-3) width 35: "A"
                RenderBlock {DIV} at (0,96) size 35x0
                RenderBlock {DIV} at (0,96) size 35x48 [bgcolor=#00FFFF]
                  RenderText {#text} at (0,-3) size 33x54
                    text run at (0,-3) width 33: "C"
            RenderTableCell {TD} at (260,2) size 41x150 [bgcolor=#FF0000] [border: (3px solid #000000)] [r=0 c=6 rs=1 cs=1]
              RenderBlock {DIV} at (3,3) size 35x144 [color=#FFFF00] [bgcolor=#FFA500]
                RenderBlock {DIV} at (0,0) size 35x48 [bgcolor=#00FF00]
                  RenderText {#text} at (0,-3) size 35x54
                    text run at (0,-3) width 35: "A"
                RenderBlock {DIV} at (0,96) size 35x0
                RenderBlock {DIV} at (0,96) size 35x48 [bgcolor=#00FFFF]
                  RenderText {#text} at (0,-3) size 33x54
                    text run at (0,-3) width 33: "C"
            RenderTableCell {TD} at (303,2) size 41x150 [bgcolor=#FF0000] [border: (3px solid #000000)] [r=0 c=7 rs=1 cs=1]
              RenderBlock {DIV} at (3,3) size 35x144 [color=#FFFF00] [bgcolor=#FFA500]
                RenderBlock {DIV} at (0,0) size 35x48 [bgcolor=#00FF00]
                  RenderText {#text} at (0,-3) size 35x54
                    text run at (0,-3) width 35: "A"
                RenderBlock {DIV} at (0,96) size 35x0
                RenderBlock {DIV} at (0,96) size 35x48 [bgcolor=#00FFFF]
                  RenderText {#text} at (0,-3) size 33x54
                    text run at (0,-3) width 33: "C"
